WARNING economic_regime_forecasting.data.vintage vintage_fallback series=CPIAUCSL as_of=1975-01-01 archive_covers_from=1973-05-01 (19 months)
WARNING economic_regime_forecasting.data.vintage vintage_fallback series=CPIAUCSL as_of=1990-01-01 archive_covers_from=1988-05-01 (19 months)
WARNING economic_regime_forecasting.data.vintage vintage_fallback series=CPILFESL as_of=1975-01-01 archive_covers_from=nothing
WARNING economic_regime_forecasting.data.vintage vintage_fallback series=CPILFESL as_of=1990-01-01 archive_covers_from=nothing

==============================================================================
audit_data
==============================================================================
                        series identifier         role frequency                   units                 transform declared_start observed_start observed_end  observations  missing  publication_lag_days  revised  start_matches_registry
         industrial_production     INDPRO       growth   monthly        index 2017 = 100 year_over_year_log_change     1919-01-01     1919-01-01   2026-07-01          1291        0                    47     True                    True
    nonfarm_payroll_employment     PAYEMS       growth   monthly    thousands of persons year_over_year_log_change     1939-01-01     1939-01-01   2026-08-01          1052        0                    36     True                    True
          consumer_price_index   CPIAUCSL    inflation   monthly   index 1982-1984 = 100 year_over_year_log_change     1947-01-01     1947-01-01   2026-07-01           955        1                    44     True                    True
     core_consumer_price_index   CPILFESL    inflation   monthly   index 1982-1984 = 100 year_over_year_log_change     1957-01-01     1957-01-01   2026-07-01           835        1                    44     True                    True
three_month_treasury_bill_rate      TB3MS        rates   monthly        percent per year                     level     1934-01-01     1934-01-01   2026-08-01          1112        0                    32    False                    True
            federal_funds_rate   FEDFUNDS        rates   monthly        percent per year                     level     1954-07-01     1954-07-01   2026-08-01           866        0                    32    False                    True
       ten_year_treasury_yield       GS10        rates   monthly        percent per year                     level     1953-04-01     1953-04-01   2026-08-01           881        0                    32    False                    True
             unemployment_rate     UNRATE       labour   monthly percent of labour force                     level     1948-01-01     1948-01-01   2026-08-01           944        1                    36     True                    True
           recession_indicator      USREC outcome_only   monthly             binary flag                     level     1854-12-01     1854-12-01   2026-08-01          2061        0                   400     True                    True

Gate 1 — data: PASS
  ok    every series in the registry was fetched and audited
        9 of 9 audited
  ok    each series starts where the registry says it does
        every declared start date matches the service
  ok    a second pass over the same series is served entirely from cache
        9 hit(s), 0 miss(es), 0 write(s); hit rate 100%
  ok    every series has at least twenty years of monthly history
        shortest is core_consumer_price_index with 835 observations

==============================================================================
fit_regimes
==============================================================================
 states  free_parameters  training_log_likelihood  bayesian_information_criterion  held_out_log_likelihood_per_month  smallest_population_share  shortest_expected_duration_months  second_eigenvalue_modulus  persistent_enough  populated_enough  admissible
      1                9              -530.505129                     1119.682584                          -2.324104                   1.000000                       1.000022e+12                   0.000000               True              True        True
      2               21              -165.736153                      468.374399                          -1.587117                   0.434380                       1.264632e+02                   0.985168               True              True        True
      3               35               120.936440                      -13.702724                          -0.110784                   0.132905                       4.332447e+01                   0.984824               True              True        True
      4               51               341.314447                     -350.152383                          -0.049564                   0.137941                       2.657384e+01                   0.984650               True              True        True
      5               69               475.849150                     -501.877137                           0.305949                   0.092758                       1.482691e+01                   0.990479               True              True        True
      6               89               595.130653                     -610.057196                          -1.675284                   0.066372                       1.050395e+01                   0.998272               True              True        True

5 states wins on held-out log likelihood (0.3059 per month), while the Bayesian information criterion prefers 6. The holdout decides because it asks the out-of-sample question directly; the disagreement is reported rather than resolved silently.

 state                                           regime                              short_regime  growth_standardised  growth_natural  inflation_standardised  inflation_natural  rates_standardised  rates_natural  population_share  expected_duration_months
     0    steady growth, moderate inflation, high rates    steady, moderate inflation, high rates            -0.057029        0.033303                0.035003           0.058311            2.470794       6.900482          0.204769                 28.657719
     1     steady growth, moderate inflation, low rates     steady, moderate inflation, low rates            -0.000613        0.007309               -0.002104           0.028791           -0.738662       2.232758          0.165182                 14.826906
     2 steady growth, moderate inflation, neutral rates steady, moderate inflation, neutral rates             0.010316        0.030840               -0.001689           0.029543            0.063046       4.982267          0.204228                 22.518817
     3     steady growth, moderate inflation, low rates     steady, moderate inflation, low rates             0.012686       -0.001023               -0.019940           0.018537           -1.469147       0.227060          0.160007                 61.688277
     4    steady growth, moderate inflation, high rates    steady, moderate inflation, high rates             0.044601        0.032545               -0.016245           0.036735            0.986704       5.408173          0.265814                 30.227725

Gate 2 — regime model: PASS
  ok    more than one regime beats a single regime out of sample
        held-out log likelihood per month: 1 states -2.3241, 2 states -1.5871, 3 states -0.1108, 4 states -0.0496, 5 states +0.3059, 6 states -1.6753
  ok    the information criterion agrees that regimes exist
        criterion: 1 states 1,120, 2 states 468, 3 states -14, 4 states -350, 5 states -502, 6 states -610
  ok    no regime lasts less than three months on average
        shortest expected visit is 14.8 months
  ok    no regime holds less than five percent of months
        smallest regime holds 9.3% of months
  ok    the regime path does not flicker month to month
        30 switches over 848 months, 0.42 a year against a ceiling of 2.0

==============================================================================
forecast_now
==============================================================================
horizon_months                                                12     60     120
indicator                                                                      
consumer_price_inflation_above_five_percent_within_horizon  0.066  0.397  0.679
consumer_price_inflation_above_three_percent_at_horizon     0.424  0.438  0.451
economy_in_recession_at_horizon_date                        0.066  0.096  0.106
economy_in_recession_within_horizon                         0.095  0.418  0.679
federal_funds_rate_above_four_percent_at_horizon            0.567  0.499  0.500
federal_funds_rate_below_one_percent_within_horizon         0.074  0.383  0.578
industrial_production_growth_above_two_percent_at_horizon   0.605  0.575  0.574
treasury_yield_curve_inverted_within_horizon                0.200  0.592  0.799
unemployment_rate_above_five_percent_at_horizon             0.516  0.615  0.629
unemployment_rate_above_seven_percent_within_horizon        0.147  0.583  0.835WARNING economic_regime_forecasting.data.vintage vintage_fallback series=CPIAUCSL as_of=1975-12-01 archive_covers_from=1974-04-01 (19 months)
WARNING economic_regime_forecasting.data.vintage vintage_fallback series=CPIAUCSL as_of=1976-12-01 archive_covers_from=1975-04-01 (19 months)
WARNING economic_regime_forecasting.data.vintage vintage_fallback series=CPIAUCSL as_of=1976-12-01 archive_covers_from=1975-04-01 (19 months)
WARNING economic_regime_forecasting.data.vintage vintage_fallback series=CPIAUCSL as_of=1977-01-01 archive_covers_from=1975-05-01 (19 months)
WARNING economic_regime_forecasting.data.vintage vintage_fallback series=CPIAUCSL as_of=1977-02-01 archive_covers_from=1975-06-01 (19 months)
WARNING economic_regime_forecasting.data.vintage vintage_fallback series=CPIAUCSL as_of=1977-03-01 archive_covers_from=1975-07-01 (19 months)
WARNING economic_regime_forecasting.data.vintage vintage_fallback series=CPIAUCSL as_of=1977-04-01 archive_covers_from=1975-08-01 (19 months)
WARNING economic_regime_forecasting.data.vintage vintage_fallback series=CPIAUCSL as_of=1977-05-01 archive_covers_from=1975-09-01 (19 months)
WARNING economic_regime_forecasting.data.vintage vintage_fallback series=CPIAUCSL as_of=1977-06-01 archive_covers_from=1975-10-01 (19 months)
WARNING economic_regime_forecasting.data.vintage vintage_fallback series=CPIAUCSL as_of=1977-07-01 archive_covers_from=1975-11-01 (19 months)
WARNING economic_regime_forecasting.data.vintage vintage_fallback series=CPIAUCSL as_of=1977-08-01 archive_covers_from=1975-12-01 (19 months)
WARNING economic_regime_forecasting.data.vintage vintage_fallback series=CPIAUCSL as_of=1977-09-01 archive_covers_from=1976-01-01 (19 months)
WARNING economic_regime_forecasting.data.vintage vintage_fallback series=CPIAUCSL as_of=1977-10-01 archive_covers_from=1976-02-01 (19 months)
WARNING economic_regime_forecasting.data.vintage vintage_fallback series=CPIAUCSL as_of=1977-11-01 archive_covers_from=1976-03-01 (19 months)
WARNING economic_regime_forecasting.data.vintage vintage_fallback series=CPIAUCSL as_of=1977-12-01 archive_covers_from=1976-04-01 (19 months)
WARNING economic_regime_forecasting.data.vintage vintage_fallback series=CPIAUCSL as_of=1978-01-01 archive_covers_from=1976-05-01 (19 months)
WARNING economic_regime_forecasting.data.vintage vintage_fallback series=CPIAUCSL as_of=1978-02-01 archive_covers_from=1976-06-01 (19 months)
WARNING economic_regime_forecasting.data.vintage vintage_fallback series=CPIAUCSL as_of=1978-03-01 archive_covers_from=1976-07-01 (19 months)
WARNING economic_regime_forecasting.data.vintage vintage_fallback series=CPIAUCSL as_of=1978-04-01 archive_covers_from=1976-08-01 (19 months)
WARNING economic_regime_forecasting.data.vintage vintage_fallback series=CPIAUCSL as_of=1978-05-01 archive_covers_from=1976-09-01 (19 months)
WARNING economic_regime_forecasting.data.vintage vintage_fallback series=CPIAUCSL as_of=1978-06-01 archive_covers_from=1976-10-01 (19 months)
WARNING economic_regime_forecasting.data.vintage vintage_fallback series=CPIAUCSL as_of=1978-07-01 archive_covers_from=1976-11-01 (19 months)
WARNING economic_regime_forecasting.data.vintage vintage_fallback series=CPIAUCSL as_of=1978-08-01 archive_covers_from=1976-12-01 (19 months)
WARNING economic_regime_forecasting.data.vintage vintage_fallback series=CPIAUCSL as_of=1978-09-01 archive_covers_from=1977-01-01 (19 months)
WARNING economic_regime_forecasting.data.vintage vintage_fallback series=CPIAUCSL as_of=1978-10-01 archive_covers_from=1977-02-01 (19 months)
WARNING economic_regime_forecasting.data.vintage vintage_fallback series=CPIAUCSL as_of=1978-11-01 archive_covers_from=1977-03-01 (19 months)
WARNING economic_regime_forecasting.data.vintage vintage_fallback series=CPIAUCSL as_of=1978-12-01 archive_covers_from=1977-04-01 (19 months)
WARNING economic_regime_forecasting.data.vintage vintage_fallback series=CPIAUCSL as_of=1979-01-01 archive_covers_from=1977-05-01 (19 months)
WARNING economic_regime_forecasting.data.vintage vintage_fallback series=CPIAUCSL as_of=1979-02-01 archive_covers_from=1977-06-01 (19 months)
WARNING economic_regime_forecasting.data.vintage vintage_fallback series=CPIAUCSL as_of=1979-03-01 archive_covers_from=1977-07-01 (19 months)
WARNING economic_regime_forecasting.data.vintage vintage_fallback series=CPIAUCSL as_of=1979-04-01 archive_covers_from=1977-08-01 (19 months)
WARNING economic_regime_forecasting.data.vintage vintage_fallback series=CPIAUCSL as_of=1979-05-01 archive_covers_from=1977-09-01 (19 months)
WARNING economic_regime_forecasting.data.vintage vintage_fallback series=CPIAUCSL as_of=1979-06-01 archive_covers_from=1977-10-01 (19 months)
WARNING economic_regime_forecasting.data.vintage vintage_fallback series=CPIAUCSL as_of=1979-07-01 archive_covers_from=1977-11-01 (19 months)
WARNING economic_regime_forecasting.data.vintage vintage_fallback series=CPIAUCSL as_of=1979-08-01 archive_covers_from=1977-12-01 (19 months)
WARNING economic_regime_forecasting.data.vintage vintage_fallback series=CPIAUCSL as_of=1979-09-01 archive_covers_from=1978-01-01 (19 months)
WARNING economic_regime_forecasting.data.vintage vintage_fallback series=CPIAUCSL as_of=1979-10-01 archive_covers_from=1978-02-01 (19 months)
WARNING economic_regime_forecasting.data.vintage vintage_fallback series=CPIAUCSL as_of=1979-11-01 archive_covers_from=1978-03-01 (19 months)
WARNING economic_regime_forecasting.data.vintage vintage_fallback series=CPIAUCSL as_of=1979-12-01 archive_covers_from=1978-04-01 (19 months)
WARNING economic_regime_forecasting.data.vintage vintage_fallback series=CPIAUCSL as_of=1980-01-01 archive_covers_from=1978-05-01 (19 months)
WARNING economic_regime_forecasting.data.vintage vintage_fallback series=CPIAUCSL as_of=1980-02-01 archive_covers_from=1978-06-01 (19 months)
WARNING economic_regime_forecasting.data.vintage vintage_fallback series=CPIAUCSL as_of=1980-03-01 archive_covers_from=1978-07-01 (19 months)
WARNING economic_regime_forecasting.data.vintage vintage_fallback series=CPIAUCSL as_of=1980-04-01 archive_covers_from=1978-08-01 (19 months)
WARNING economic_regime_forecasting.data.vintage vintage_fallback series=CPIAUCSL as_of=1980-05-01 archive_covers_from=1978-09-01 (19 months)
WARNING economic_regime_forecasting.data.vintage vintage_fallback series=CPIAUCSL as_of=1980-06-01 archive_covers_from=1978-10-01 (19 months)
WARNING economic_regime_forecasting.data.vintage vintage_fallback series=CPIAUCSL as_of=1980-07-01 archive_covers_from=1978-11-01 (19 months)
WARNING economic_regime_forecasting.data.vintage vintage_fallback series=CPIAUCSL as_of=1980-08-01 archive_covers_from=1978-12-01 (19 months)
WARNING economic_regime_forecasting.data.vintage vintage_fallback series=CPIAUCSL as_of=1980-09-01 archive_covers_from=1979-01-01 (19 months)
WARNING economic_regime_forecasting.data.vintage vintage_fallback series=CPIAUCSL as_of=1980-10-01 archive_covers_from=1979-02-01 (19 months)
WARNING economic_regime_forecasting.data.vintage vintage_fallback series=CPIAUCSL as_of=1980-11-01 archive_covers_from=1979-03-01 (19 months)
WARNING economic_regime_forecasting.data.vintage vintage_fallback series=CPIAUCSL as_of=1980-12-01 archive_covers_from=1979-04-01 (19 months)
WARNING economic_regime_forecasting.data.vintage vintage_fallback series=CPIAUCSL as_of=1981-01-01 archive_covers_from=1979-05-01 (19 months)
WARNING economic_regime_forecasting.data.vintage vintage_fallback series=CPIAUCSL as_of=1981-02-01 archive_covers_from=1979-06-01 (19 months)
WARNING economic_regime_forecasting.data.vintage vintage_fallback series=CPIAUCSL as_of=1981-03-01 archive_covers_from=1979-07-01 (19 months)
WARNING economic_regime_forecasting.data.vintage vintage_fallback series=CPIAUCSL as_of=1981-04-01 archive_covers_from=1979-08-01 (19 months)
WARNING economic_regime_forecasting.data.vintage vintage_fallback series=CPIAUCSL as_of=1981-05-01 archive_covers_from=1979-09-01 (19 months)
WARNING economic_regime_forecasting.data.vintage vintage_fallback series=CPIAUCSL as_of=1981-06-01 archive_covers_from=1979-10-01 (19 months)
WARNING economic_regime_forecasting.data.vintage vintage_fallback series=CPIAUCSL as_of=1981-07-01 archive_covers_from=1979-11-01 (19 months)
WARNING economic_regime_forecasting.data.vintage vintage_fallback series=CPIAUCSL as_of=1981-08-01 archive_covers_from=1979-12-01 (19 months)
WARNING economic_regime_forecasting.data.vintage vintage_fallback series=CPIAUCSL as_of=1981-09-01 archive_covers_from=1980-01-01 (19 months)
WARNING economic_regime_forecasting.data.vintage vintage_fallback series=CPIAUCSL as_of=1981-10-01 archive_covers_from=1980-02-01 (19 months)
WARNING economic_regime_forecasting.data.vintage vintage_fallback series=CPIAUCSL as_of=1981-11-01 archive_covers_from=1980-03-01 (19 months)
WARNING economic_regime_forecasting.data.vintage vintage_fallback series=CPIAUCSL as_of=1981-12-01 archive_covers_from=1980-04-01 (19 months)
WARNING economic_regime_forecasting.data.vintage vintage_fallback series=CPIAUCSL as_of=1982-01-01 archive_covers_from=1980-05-01 (19 months)
WARNING economic_regime_forecasting.data.vintage vintage_fallback series=CPIAUCSL as_of=1982-02-01 archive_covers_from=1980-06-01 (19 months)
WARNING economic_regime_forecasting.data.vintage vintage_fallback series=CPIAUCSL as_of=1982-03-01 archive_covers_from=1980-07-01 (19 months)
WARNING economic_regime_forecasting.data.vintage vintage_fallback series=CPIAUCSL as_of=1982-04-01 archive_covers_from=1980-08-01 (19 months)
WARNING economic_regime_forecasting.data.vintage vintage_fallback series=CPIAUCSL as_of=1982-05-01 archive_covers_from=1980-09-01 (19 months)
WARNING economic_regime_forecasting.data.vintage vintage_fallback series=CPIAUCSL as_of=1982-06-01 archive_covers_from=1980-10-01 (19 months)
WARNING economic_regime_forecasting.data.vintage vintage_fallback series=CPIAUCSL as_of=1982-07-01 archive_covers_from=1980-11-01 (19 months)
WARNING economic_regime_forecasting.data.vintage vintage_fallback series=CPIAUCSL as_of=1982-08-01 archive_covers_from=1980-12-01 (19 months)
WARNING economic_regime_forecasting.data.vintage vintage_fallback series=CPIAUCSL as_of=1982-09-01 archive_covers_from=1981-01-01 (19 months)
WARNING economic_regime_forecasting.data.vintage vintage_fallback series=CPIAUCSL as_of=1982-10-01 archive_covers_from=1981-02-01 (19 months)
WARNING economic_regime_forecasting.data.vintage vintage_fallback series=CPIAUCSL as_of=1982-11-01 archive_covers_from=1981-03-01 (19 months)
WARNING economic_regime_forecasting.data.vintage vintage_fallback series=CPIAUCSL as_of=1982-12-01 archive_covers_from=1981-04-01 (19 months)
WARNING economic_regime_forecasting.data.vintage vintage_fallback series=CPIAUCSL as_of=1983-01-01 archive_covers_from=1981-05-01 (19 months)
WARNING economic_regime_forecasting.data.vintage vintage_fallback series=CPIAUCSL as_of=1983-02-01 archive_covers_from=1981-06-01 (19 months)
WARNING economic_regime_forecasting.data.vintage vintage_fallback series=CPIAUCSL as_of=1983-03-01 archive_covers_from=1981-07-01 (19 months)
WARNING economic_regime_forecasting.data.vintage vintage_fallback series=CPIAUCSL as_of=1983-04-01 archive_covers_from=1981-08-01 (19 months)
WARNING economic_regime_forecasting.data.vintage vintage_fallback series=CPIAUCSL as_of=1983-05-01 archive_covers_from=1981-09-01 (19 months)
WARNING economic_regime_forecasting.data.vintage vintage_fallback series=CPIAUCSL as_of=1983-06-01 archive_covers_from=1981-10-01 (19 months)
WARNING economic_regime_forecasting.data.vintage vintage_fallback series=CPIAUCSL as_of=1983-07-01 archive_covers_from=1981-11-01 (19 months)
WARNING economic_regime_forecasting.data.vintage vintage_fallback series=CPIAUCSL as_of=1983-08-01 archive_covers_from=1981-12-01 (19 months)
WARNING economic_regime_forecasting.data.vintage vintage_fallback series=CPIAUCSL as_of=1983-09-01 archive_covers_from=1982-01-01 (19 months)
WARNING economic_regime_forecasting.data.vintage vintage_fallback series=CPIAUCSL as_of=1983-10-01 archive_covers_from=1982-02-01 (19 months)
WARNING economic_regime_forecasting.data.vintage vintage_fallback series=CPIAUCSL as_of=1983-11-01 archive_covers_from=1982-03-01 (19 months)
WARNING economic_regime_forecasting.data.vintage vintage_fallback series=CPIAUCSL as_of=1983-12-01 archive_covers_from=1982-04-01 (19 months)
WARNING economic_regime_forecasting.data.vintage vintage_fallback series=CPIAUCSL as_of=1984-01-01 archive_covers_from=1982-05-01 (19 months)
WARNING economic_regime_forecasting.data.vintage vintage_fallback series=CPIAUCSL as_of=1984-02-01 archive_covers_from=1982-06-01 (19 months)
WARNING economic_regime_forecasting.data.vintage vintage_fallback series=CPIAUCSL as_of=1984-03-01 archive_covers_from=1982-07-01 (19 months)
WARNING economic_regime_forecasting.data.vintage vintage_fallback series=CPIAUCSL as_of=1984-04-01 archive_covers_from=1982-08-01 (19 months)
WARNING economic_regime_forecasting.data.vintage vintage_fallback series=CPIAUCSL as_of=1984-05-01 archive_covers_from=1982-09-01 (19 months)
WARNING economic_regime_forecasting.data.vintage vintage_fallback series=CPIAUCSL as_of=1984-06-01 archive_covers_from=1982-10-01 (19 months)
WARNING economic_regime_forecasting.data.vintage vintage_fallback series=CPIAUCSL as_of=1984-07-01 archive_covers_from=1982-11-01 (19 months)
WARNING economic_regime_forecasting.data.vintage vintage_fallback series=CPIAUCSL as_of=1984-08-01 archive_covers_from=1982-12-01 (19 months)
WARNING economic_regime_forecasting.data.vintage vintage_fallback series=CPIAUCSL as_of=1984-09-01 archive_covers_from=1983-01-01 (19 months)
WARNING economic_regime_forecasting.data.vintage vintage_fallback series=CPIAUCSL as_of=1984-10-01 archive_covers_from=1983-02-01 (19 months)
WARNING economic_regime_forecasting.data.vintage vintage_fallback series=CPIAUCSL as_of=1984-11-01 archive_covers_from=1983-03-01 (19 months)
WARNING economic_regime_forecasting.data.vintage vintage_fallback series=CPIAUCSL as_of=1984-12-01 archive_covers_from=1983-04-01 (19 months)
WARNING economic_regime_forecasting.data.vintage vintage_fallback series=CPIAUCSL as_of=1985-01-01 archive_covers_from=1983-05-01 (19 months)
WARNING economic_regime_forecasting.data.vintage vintage_fallback series=CPIAUCSL as_of=1985-02-01 archive_covers_from=1983-06-01 (19 months)
WARNING economic_regime_forecasting.data.vintage vintage_fallback series=CPIAUCSL as_of=1985-03-01 archive_covers_from=1983-07-01 (19 months)
WARNING economic_regime_forecasting.data.vintage vintage_fallback series=CPIAUCSL as_of=1985-04-01 archive_covers_from=1983-08-01 (19 months)
WARNING economic_regime_forecasting.data.vintage vintage_fallback series=CPIAUCSL as_of=1985-05-01 archive_covers_from=1983-09-01 (19 months)
WARNING economic_regime_forecasting.data.vintage vintage_fallback series=CPIAUCSL as_of=1985-06-01 archive_covers_from=1983-10-01 (19 months)
WARNING economic_regime_forecasting.data.vintage vintage_fallback series=CPIAUCSL as_of=1985-07-01 archive_covers_from=1983-11-01 (19 months)
WARNING economic_regime_forecasting.data.vintage vintage_fallback series=CPIAUCSL as_of=1985-08-01 archive_covers_from=1983-12-01 (19 months)
WARNING economic_regime_forecasting.data.vintage vintage_fallback series=CPIAUCSL as_of=1985-09-01 archive_covers_from=1984-01-01 (19 months)
WARNING economic_regime_forecasting.data.vintage vintage_fallback series=CPIAUCSL as_of=1985-10-01 archive_covers_from=1984-02-01 (19 months)
WARNING economic_regime_forecasting.data.vintage vintage_fallback series=CPIAUCSL as_of=1985-11-01 archive_covers_from=1984-03-01 (19 months)
WARNING economic_regime_forecasting.data.vintage vintage_fallback series=CPIAUCSL as_of=1985-12-01 archive_covers_from=1984-04-01 (19 months)
WARNING economic_regime_forecasting.data.vintage vintage_fallback series=CPIAUCSL as_of=1986-01-01 archive_covers_from=1984-05-01 (19 months)
WARNING economic_regime_forecasting.data.vintage vintage_fallback series=CPIAUCSL as_of=1986-02-01 archive_covers_from=1984-06-01 (19 months)
WARNING economic_regime_forecasting.data.vintage vintage_fallback series=CPIAUCSL as_of=1986-03-01 archive_covers_from=1984-07-01 (19 months)
WARNING economic_regime_forecasting.data.vintage vintage_fallback series=CPIAUCSL as_of=1986-04-01 archive_covers_from=1984-08-01 (19 months)
WARNING economic_regime_forecasting.data.vintage vintage_fallback series=CPIAUCSL as_of=1986-05-01 archive_covers_from=1984-09-01 (19 months)
WARNING economic_regime_forecasting.data.vintage vintage_fallback series=CPIAUCSL as_of=1986-06-01 archive_covers_from=1984-10-01 (19 months)
WARNING economic_regime_forecasting.data.vintage vintage_fallback series=CPIAUCSL as_of=1986-07-01 archive_covers_from=1984-11-01 (19 months)
WARNING economic_regime_forecasting.data.vintage vintage_fallback series=CPIAUCSL as_of=1986-08-01 archive_covers_from=1984-12-01 (19 months)
WARNING economic_regime_forecasting.data.vintage vintage_fallback series=CPIAUCSL as_of=1986-09-01 archive_covers_from=1985-01-01 (19 months)
WARNING economic_regime_forecasting.data.vintage vintage_fallback series=CPIAUCSL as_of=1986-10-01 archive_covers_from=1985-02-01 (19 months)
WARNING economic_regime_forecasting.data.vintage vintage_fallback series=CPIAUCSL as_of=1986-11-01 archive_covers_from=1985-03-01 (19 months)
WARNING economic_regime_forecasting.data.vintage vintage_fallback series=CPIAUCSL as_of=1986-12-01 archive_covers_from=1985-04-01 (19 months)
WARNING economic_regime_forecasting.data.vintage vintage_fallback series=CPIAUCSL as_of=1987-01-01 archive_covers_from=1985-05-01 (19 months)
WARNING economic_regime_forecasting.data.vintage vintage_fallback series=CPIAUCSL as_of=1987-02-01 archive_covers_from=1985-06-01 (19 months)
WARNING economic_regime_forecasting.data.vintage vintage_fallback series=CPIAUCSL as_of=1987-03-01 archive_covers_from=1985-07-01 (19 months)
WARNING economic_regime_forecasting.data.vintage vintage_fallback series=CPIAUCSL as_of=1987-04-01 archive_covers_from=1985-08-01 (19 months)
WARNING economic_regime_forecasting.data.vintage vintage_fallback series=CPIAUCSL as_of=1987-05-01 archive_covers_from=1985-09-01 (19 months)
WARNING economic_regime_forecasting.data.vintage vintage_fallback series=CPIAUCSL as_of=1987-06-01 archive_covers_from=1985-10-01 (19 months)
WARNING economic_regime_forecasting.data.vintage vintage_fallback series=CPIAUCSL as_of=1987-07-01 archive_covers_from=1985-11-01 (19 months)
WARNING economic_regime_forecasting.data.vintage vintage_fallback series=CPIAUCSL as_of=1987-08-01 archive_covers_from=1985-12-01 (19 months)
WARNING economic_regime_forecasting.data.vintage vintage_fallback series=CPIAUCSL as_of=1987-09-01 archive_covers_from=1986-01-01 (19 months)
WARNING economic_regime_forecasting.data.vintage vintage_fallback series=CPIAUCSL as_of=1987-10-01 archive_covers_from=1986-02-01 (19 months)
WARNING economic_regime_forecasting.data.vintage vintage_fallback series=CPIAUCSL as_of=1987-11-01 archive_covers_from=1986-03-01 (19 months)
WARNING economic_regime_forecasting.data.vintage vintage_fallback series=CPIAUCSL as_of=1987-12-01 archive_covers_from=1986-04-01 (19 months)
WARNING economic_regime_forecasting.data.vintage vintage_fallback series=CPIAUCSL as_of=1988-01-01 archive_covers_from=1986-05-01 (19 months)
WARNING economic_regime_forecasting.data.vintage vintage_fallback series=CPIAUCSL as_of=1988-02-01 archive_covers_from=1986-06-01 (19 months)
WARNING economic_regime_forecasting.data.vintage vintage_fallback series=CPIAUCSL as_of=1988-03-01 archive_covers_from=1986-07-01 (19 months)
WARNING economic_regime_forecasting.data.vintage vintage_fallback series=CPIAUCSL as_of=1988-04-01 archive_covers_from=1986-08-01 (19 months)
WARNING economic_regime_forecasting.data.vintage vintage_fallback series=CPIAUCSL as_of=1988-05-01 archive_covers_from=1986-09-01 (19 months)
WARNING economic_regime_forecasting.data.vintage vintage_fallback series=CPIAUCSL as_of=1988-06-01 archive_covers_from=1986-10-01 (19 months)
WARNING economic_regime_forecasting.data.vintage vintage_fallback series=CPIAUCSL as_of=1988-07-01 archive_covers_from=1986-11-01 (19 months)
WARNING economic_regime_forecasting.data.vintage vintage_fallback series=CPIAUCSL as_of=1988-08-01 archive_covers_from=1986-12-01 (19 months)
WARNING economic_regime_forecasting.data.vintage vintage_fallback series=CPIAUCSL as_of=1988-09-01 archive_covers_from=1987-01-01 (19 months)
WARNING economic_regime_forecasting.data.vintage vintage_fallback series=CPIAUCSL as_of=1988-10-01 archive_covers_from=1987-02-01 (19 months)
WARNING economic_regime_forecasting.data.vintage vintage_fallback series=CPIAUCSL as_of=1988-11-01 archive_covers_from=1987-03-01 (19 months)
WARNING economic_regime_forecasting.data.vintage vintage_fallback series=CPIAUCSL as_of=1988-12-01 archive_covers_from=1987-04-01 (19 months)
WARNING economic_regime_forecasting.data.vintage vintage_fallback series=CPIAUCSL as_of=1989-01-01 archive_covers_from=1987-05-01 (19 months)
WARNING economic_regime_forecasting.data.vintage vintage_fallback series=CPIAUCSL as_of=1989-02-01 archive_covers_from=1987-06-01 (19 months)
WARNING economic_regime_forecasting.data.vintage vintage_fallback series=CPIAUCSL as_of=1989-03-01 archive_covers_from=1987-07-01 (19 months)
WARNING economic_regime_forecasting.data.vintage vintage_fallback series=CPIAUCSL as_of=1989-04-01 archive_covers_from=1987-08-01 (19 months)
WARNING economic_regime_forecasting.data.vintage vintage_fallback series=CPIAUCSL as_of=1989-05-01 archive_covers_from=1987-09-01 (19 months)
WARNING economic_regime_forecasting.data.vintage vintage_fallback series=CPIAUCSL as_of=1989-06-01 archive_covers_from=1987-10-01 (19 months)
WARNING economic_regime_forecasting.data.vintage vintage_fallback series=CPIAUCSL as_of=1989-07-01 archive_covers_from=1987-11-01 (19 months)
WARNING economic_regime_forecasting.data.vintage vintage_fallback series=CPIAUCSL as_of=1989-08-01 archive_covers_from=1987-12-01 (19 months)
WARNING economic_regime_forecasting.data.vintage vintage_fallback series=CPIAUCSL as_of=1989-09-01 archive_covers_from=1988-01-01 (19 months)
WARNING economic_regime_forecasting.data.vintage vintage_fallback series=CPIAUCSL as_of=1989-10-01 archive_covers_from=1988-02-01 (19 months)
WARNING economic_regime_forecasting.data.vintage vintage_fallback series=CPIAUCSL as_of=1989-11-01 archive_covers_from=1988-03-01 (19 months)
WARNING economic_regime_forecasting.data.vintage vintage_fallback series=CPIAUCSL as_of=1989-12-01 archive_covers_from=1988-04-01 (19 months)
WARNING economic_regime_forecasting.data.vintage vintage_fallback series=CPIAUCSL as_of=1990-01-01 archive_covers_from=1988-05-01 (19 months)
WARNING economic_regime_forecasting.data.vintage vintage_fallback series=CPIAUCSL as_of=1990-02-01 archive_covers_from=1988-06-01 (19 months)
WARNING economic_regime_forecasting.data.vintage vintage_fallback series=CPIAUCSL as_of=1990-03-01 archive_covers_from=1988-10-01 (16 months)
WARNING economic_regime_forecasting.data.vintage vintage_fallback series=CPIAUCSL as_of=1990-04-01 archive_covers_from=1988-10-01 (17 months)
WARNING economic_regime_forecasting.data.vintage vintage_fallback series=CPIAUCSL as_of=1990-05-01 archive_covers_from=1988-10-01 (18 months)
WARNING economic_regime_forecasting.data.vintage vintage_fallback series=CPIAUCSL as_of=1990-06-01 archive_covers_from=1988-10-01 (19 months)
WARNING economic_regime_forecasting.data.vintage vintage_fallback series=CPIAUCSL as_of=1990-07-01 archive_covers_from=1988-11-01 (19 months)
WARNING economic_regime_forecasting.data.vintage vintage_fallback series=CPIAUCSL as_of=1990-08-01 archive_covers_from=1988-12-01 (19 months)
WARNING economic_regime_forecasting.data.vintage vintage_fallback series=CPIAUCSL as_of=1990-09-01 archive_covers_from=1989-01-01 (19 months)
WARNING economic_regime_forecasting.data.vintage vintage_fallback series=CPIAUCSL as_of=1990-10-01 archive_covers_from=1989-02-01 (19 months)
WARNING economic_regime_forecasting.data.vintage vintage_fallback series=CPIAUCSL as_of=1990-11-01 archive_covers_from=1989-03-01 (19 months)
WARNING economic_regime_forecasting.data.vintage vintage_fallback series=CPIAUCSL as_of=1990-12-01 archive_covers_from=1989-04-01 (19 months)
WARNING economic_regime_forecasting.data.vintage vintage_fallback series=CPIAUCSL as_of=1991-01-01 archive_covers_from=1989-05-01 (19 months)
WARNING economic_regime_forecasting.data.vintage vintage_fallback series=CPIAUCSL as_of=1991-02-01 archive_covers_from=1989-06-01 (19 months)
WARNING economic_regime_forecasting.data.vintage vintage_fallback series=CPIAUCSL as_of=1991-03-01 archive_covers_from=1989-07-01 (19 months)
WARNING economic_regime_forecasting.data.vintage vintage_fallback series=CPIAUCSL as_of=1991-04-01 archive_covers_from=1989-08-01 (19 months)
WARNING economic_regime_forecasting.data.vintage vintage_fallback series=CPIAUCSL as_of=1991-05-01 archive_covers_from=1989-09-01 (19 months)
WARNING economic_regime_forecasting.data.vintage vintage_fallback series=CPIAUCSL as_of=1991-06-01 archive_covers_from=1989-10-01 (19 months)
WARNING economic_regime_forecasting.data.vintage vintage_fallback series=CPIAUCSL as_of=1991-07-01 archive_covers_from=1989-11-01 (19 months)
WARNING economic_regime_forecasting.data.vintage vintage_fallback series=CPIAUCSL as_of=1991-08-01 archive_covers_from=1989-12-01 (19 months)
WARNING economic_regime_forecasting.data.vintage vintage_fallback series=CPIAUCSL as_of=1991-09-01 archive_covers_from=1990-01-01 (19 months)
WARNING economic_regime_forecasting.data.vintage vintage_fallback series=CPIAUCSL as_of=1991-10-01 archive_covers_from=1990-02-01 (19 months)
WARNING economic_regime_forecasting.data.vintage vintage_fallback series=CPIAUCSL as_of=1991-11-01 archive_covers_from=1990-03-01 (19 months)
WARNING economic_regime_forecasting.data.vintage vintage_fallback series=CPIAUCSL as_of=1991-12-01 archive_covers_from=1990-04-01 (19 months)
WARNING economic_regime_forecasting.data.vintage vintage_fallback series=CPIAUCSL as_of=1992-01-01 archive_covers_from=1990-05-01 (19 months)
WARNING economic_regime_forecasting.data.vintage vintage_fallback series=CPIAUCSL as_of=1992-02-01 archive_covers_from=1990-06-01 (19 months)
WARNING economic_regime_forecasting.data.vintage vintage_fallback series=CPIAUCSL as_of=1992-03-01 archive_covers_from=1990-07-01 (19 months)
WARNING economic_regime_forecasting.data.vintage vintage_fallback series=CPIAUCSL as_of=1992-04-01 archive_covers_from=1990-08-01 (19 months)
WARNING economic_regime_forecasting.data.vintage vintage_fallback series=CPIAUCSL as_of=1992-05-01 archive_covers_from=1990-09-01 (19 months)
WARNING economic_regime_forecasting.data.vintage vintage_fallback series=CPIAUCSL as_of=1992-06-01 archive_covers_from=1990-10-01 (19 months)
WARNING economic_regime_forecasting.data.vintage vintage_fallback series=CPIAUCSL as_of=1992-07-01 archive_covers_from=1990-11-01 (19 months)
WARNING economic_regime_forecasting.data.vintage vintage_fallback series=CPIAUCSL as_of=1992-08-01 archive_covers_from=1990-12-01 (19 months)
WARNING economic_regime_forecasting.data.vintage vintage_fallback series=CPIAUCSL as_of=1992-09-01 archive_covers_from=1991-01-01 (19 months)
WARNING economic_regime_forecasting.data.vintage vintage_fallback series=CPIAUCSL as_of=1992-10-01 archive_covers_from=1991-02-01 (19 months)
WARNING economic_regime_forecasting.data.vintage vintage_fallback series=CPIAUCSL as_of=1992-11-01 archive_covers_from=1991-03-01 (19 months)
WARNING economic_regime_forecasting.data.vintage vintage_fallback series=CPIAUCSL as_of=1992-12-01 archive_covers_from=1991-04-01 (19 months)
WARNING economic_regime_forecasting.data.vintage vintage_fallback series=CPIAUCSL as_of=1993-01-01 archive_covers_from=1991-05-01 (19 months)
WARNING economic_regime_forecasting.data.vintage vintage_fallback series=CPIAUCSL as_of=1993-02-01 archive_covers_from=1991-06-01 (19 months)
WARNING economic_regime_forecasting.data.vintage vintage_fallback series=CPIAUCSL as_of=1993-03-01 archive_covers_from=1991-07-01 (19 months)
WARNING economic_regime_forecasting.data.vintage vintage_fallback series=CPIAUCSL as_of=1993-04-01 archive_covers_from=1991-08-01 (19 months)
WARNING economic_regime_forecasting.data.vintage vintage_fallback series=CPIAUCSL as_of=1993-05-01 archive_covers_from=1991-09-01 (19 months)
WARNING economic_regime_forecasting.data.vintage vintage_fallback series=CPIAUCSL as_of=1993-06-01 archive_covers_from=1991-10-01 (19 months)
WARNING economic_regime_forecasting.data.vintage vintage_fallback series=CPIAUCSL as_of=1993-07-01 archive_covers_from=1991-11-01 (19 months)
WARNING economic_regime_forecasting.data.vintage vintage_fallback series=CPIAUCSL as_of=1993-08-01 archive_covers_from=1991-12-01 (19 months)
WARNING economic_regime_forecasting.data.vintage vintage_fallback series=CPIAUCSL as_of=1993-09-01 archive_covers_from=1992-01-01 (19 months)
WARNING economic_regime_forecasting.data.vintage vintage_fallback series=CPIAUCSL as_of=1993-10-01 archive_covers_from=1992-02-01 (19 months)
WARNING economic_regime_forecasting.data.vintage vintage_fallback series=CPIAUCSL as_of=1993-11-01 archive_covers_from=1992-03-01 (19 months)
WARNING economic_regime_forecasting.data.vintage vintage_fallback series=CPIAUCSL as_of=1993-12-01 archive_covers_from=1992-04-01 (19 months)
WARNING economic_regime_forecasting.data.vintage vintage_fallback series=CPIAUCSL as_of=1994-01-01 archive_covers_from=1992-05-01 (19 months)
WARNING economic_regime_forecasting.data.vintage vintage_fallback series=CPIAUCSL as_of=1994-02-01 archive_covers_from=1992-06-01 (19 months)


The second eigenvalue modulus is 0.9877, a half life of 56 months. Regime information survives to 120 months (10 years); beyond that the projection is the unconditional base rate.

Gate 3 — forecasts: PASS
  ok    every indicator has a forecast at every horizon
        30 forecasts against 30 expected
  ok    every probability lies in the unit interval and is finite
        range 0.0658 to 0.8347
  ok    every forecast carries an effective sample size
        smallest effective sample size 217.3 months
  ok    every forecast carries its distance to the stationary distribution
        The second eigenvalue modulus is 0.9877, a half life of 56 months. Regime information survives to 120 months (10 years); beyond that the projection is the unconditional base rate.

==============================================================================
run_backtest
==============================================================================
4 regimes chosen as of 1994-03-01 on 458 months of burn-in (1955-12-01 .. 1994-01-01), runner-up 5. 4 states, fixed by the surprise quadrant structure (research arm A3); the sweep no longer chooses, and recommended 6: 6 states wins on held-out log likelihood (0.4041 per month), while the Bayesian information criterion prefers 5. The holdout decides because it asks the out-of-sample question directly; the disagreement is reported rather than resolved silently.
391 forecast dates from 1994-03 to 2026-09, 33 refits, 4 regimes
0 of 391 forecast dates use the publication-lag fallback
Gate 4 — backtest: PASS
  ok    the results frame carries every column the evaluation needs
        14 columns, 11,730 rows
  ok    each indicator, date and horizon appears exactly once
        0 duplicate rows
  ok    a single configuration produced the whole run
        configuration hash dfd3d31928c59eb6
  ok    enough forecasts have resolved outcomes to score
        9,702 of 11,730 forecasts have resolved

==============================================================================
evaluate
==============================================================================
                                                 indicator  horizon_months  resolved_forecasts  base_rate  brier_score  climatology_brier_score  brier_skill_score  logarithmic_loss  area_under_the_curve  expected_calibration_error  reliability  resolution  mean_distance_to_stationary  mean_effective_sample_size
consumer_price_inflation_above_five_percent_within_horizon              12                 367     0.1226       0.0878                   0.1642             0.4652            0.3466                0.5152                      0.0868       0.0108      0.0337                       0.4720                    148.1914
consumer_price_inflation_above_five_percent_within_horizon              60                 319     0.3542       0.3261                   0.3098            -0.0526            0.8582                0.0578                      0.3258       0.1841      0.0964                       0.1670                    144.4972
consumer_price_inflation_above_five_percent_within_horizon             120                 259     0.6680       0.2824                   0.2357            -0.1981            0.8632                0.1937                      0.2330       0.1234      0.0692                       0.0525                    139.6741
   consumer_price_inflation_above_three_percent_at_horizon              12                 376     0.3059       0.2405                   0.2634             0.0871            0.6793                0.4476                      0.1458       0.0463      0.0216                       0.4705                    155.1900
   consumer_price_inflation_above_three_percent_at_horizon              60                 328     0.3232       0.2574                   0.2638             0.0242            0.7093                0.4659                      0.2368       0.0625      0.0285                       0.1699                    155.4550
   consumer_price_inflation_above_three_percent_at_horizon             120                 268     0.3284       0.2632                   0.2887             0.0884            0.7198                0.5119                      0.2073       0.0604      0.0183                       0.0535                    153.1471
                      economy_in_recession_at_horizon_date              12                 378     0.0741       0.0753                   0.1236             0.3908            0.3028                0.2071                      0.0725       0.0077      0.0026                       0.4697                    147.2150
                      economy_in_recession_at_horizon_date              60                 330     0.0848       0.0796                   0.1271             0.3741            0.2993                0.4720                      0.0290       0.0013      0.0012                       0.1706                    150.1737
                      economy_in_recession_at_horizon_date             120                 270     0.0741       0.0713                   0.1280             0.4431            0.2773                0.5448                      0.0541       0.0029      0.0000                       0.0537                    149.0876
                       economy_in_recession_within_horizon              12                 378     0.1614       0.1886                   0.2522             0.2521            0.6272                0.5441                      0.1543       0.0557      0.0006                       0.4697                    141.7622
                       economy_in_recession_within_horizon              60                 330     0.6212       0.3802                   0.3166            -0.2010            1.0207                0.4123                      0.4411       0.2162      0.0693                       0.1706                    137.3037
                       economy_in_recession_within_horizon             120                 270     0.9667       0.1679                   0.0333            -4.0420            0.5582                0.0298                      0.3723       0.1442      0.0104                       0.0537                    132.4546
          federal_funds_rate_above_four_percent_at_horizon              12                 378     0.3571       0.2262                   0.2972             0.2389            0.6437                0.6431                      0.1413       0.0358      0.0461                       0.4697                    155.6081
          federal_funds_rate_above_four_percent_at_horizon              60                 330     0.2636       0.2986                   0.3910             0.2365            0.7959                0.5834                      0.3121       0.1113      0.0075                       0.1706                    155.6281
          federal_funds_rate_above_four_percent_at_horizon             120                 270     0.2222       0.3783                   0.5450             0.3059            0.9646                0.2873                      0.4212       0.2404      0.0351                       0.0537                    153.3025
       federal_funds_rate_below_one_percent_within_horizon              12                 378     0.4365       0.1177                   0.3455             0.6595            0.4286                0.8165                      0.0854       0.0130      0.1430                       0.4697                    151.0486
       federal_funds_rate_below_one_percent_within_horizon              60                 330     0.8273       0.2373                   0.5344             0.5559            0.6298                0.7615                      0.2801       0.1248      0.0259                       0.1706                    145.3310
       federal_funds_rate_below_one_percent_within_horizon             120                 270     1.0000       0.2422                   0.6855             0.6466            0.6271                   NaN                      0.4046       0.2420      0.0000                       0.0537                    140.1603
 industrial_production_growth_above_two_percent_at_horizon              12                 377     0.5146       0.2796                   0.2615            -0.0690            0.7602                0.4439                      0.1371       0.0453      0.0132                       0.4699                    155.3877
 industrial_production_growth_above_two_percent_at_horizon              60                 329     0.4468       0.2787                   0.2798             0.0038            0.7525                0.6650                      0.2110       0.0520      0.0176                       0.1703                    155.5385
 industrial_production_growth_above_two_percent_at_horizon             120                 269     0.4461       0.2874                   0.2842            -0.0112            0.7709                0.6207                      0.2371       0.0564      0.0143                       0.0536                    153.2212
              treasury_yield_curve_inverted_within_horizon              12                 378     0.2434       0.1576                   0.1887             0.1646            0.5557                0.7352                      0.1251       0.0251      0.0520                       0.4697                    151.0486
              treasury_yield_curve_inverted_within_horizon              60                 330     0.6636       0.3795                   0.2587            -0.4669            0.9934                0.2981                      0.3709       0.1809      0.0280                       0.1706                    145.3310
              treasury_yield_curve_inverted_within_horizon             120                 270     0.9037       0.2088                   0.1192            -0.7525            0.6230                0.0618                      0.4011       0.1671      0.0477                       0.0537                    140.1603
           unemployment_rate_above_five_percent_at_horizon              12                 377     0.4721       0.3640                   0.2881            -0.2634            1.0606                0.4548                      0.3063       0.1420      0.0318                       0.4704                    155.4115
           unemployment_rate_above_five_percent_at_horizon              60                 329     0.4620       0.3415                   0.3018            -0.1318            0.9129                0.5008                      0.2986       0.0976      0.0044                       0.1702                    155.5452
           unemployment_rate_above_five_percent_at_horizon             120                 269     0.4572       0.3379                   0.3359            -0.0062            0.8998                0.4458                      0.2928       0.1367      0.0480                       0.0536                    153.2290
      unemployment_rate_above_seven_percent_within_horizon              12                 367     0.2371       0.1147                   0.1951             0.4120            0.4136                0.7568                      0.1340       0.0361      0.1025                       0.4720                    148.1914
      unemployment_rate_above_seven_percent_within_horizon              60                 319     0.5737       0.3205                   0.2833            -0.1314            0.8840                0.3207                      0.3754       0.2422      0.1722                       0.1670                    144.4972
      unemployment_rate_above_seven_percent_within_horizon             120                 259     0.7799       0.2087                   0.1959            -0.0649            0.7617                0.2944                      0.2401       0.0646      0.0267                       0.0525                    139.6741

1 year: SHIP BASE RATE. Failed calibration. Mean skill score +0.2338.
    ok    regimes exist: best multi-regime held-out log likelihood per month +0.4041 against -0.8767 for a single regime; information criterion -7 against 408
    ok    skill: mean skill score +0.2338 against a bar of +0.02; +0.2338 [+0.1176, +0.3458] at 90%, blocks of 12 months, about 31.5 independent observations
    FAIL  calibration: expected calibration error 0.1169 over 3754 forecasts in 10 populated bins, worth about 258 independent observations; the reliability curve is monotone (counting overlapping forecasts as independent would have found 3)
    ok    robustness: 4 of 4 sub-periods positive; scores +0.001 over 7 indicator(s), +0.036 over 10 indicator(s), +0.386 over 5 indicator(s), +0.157 over 10 indicator(s)
    ok    honesty: mean total variation distance to the stationary distribution 0.4679 against a floor of 0.05

5 year: SHIP BASE RATE. Failed skill, calibration, robustness. Mean skill score +0.0211.
    ok    regimes exist: best multi-regime held-out log likelihood per month +0.4041 against -0.8767 for a single regime; information criterion -7 against 408
    FAIL  skill: mean skill score +0.0211 against a bar of +0.02; +0.0211 [-0.2798, +0.1657] at 90%, blocks of 60 months, about 5.5 independent observations
    FAIL  calibration: expected calibration error 0.2392 over 3274 forecasts in 10 populated bins, worth about 29 independent observations; the reliability curve is monotone (counting overlapping forecasts as independent would have found 12)
    FAIL  robustness: 1 of 4 sub-periods positive; scores -0.109 over 8 indicator(s), -0.264 over 9 indicator(s), +0.224 over 6 indicator(s), -0.101 over 8 indicator(s)
    ok    honesty: mean total variation distance to the stationary distribution 0.1650 against a floor of 0.05

10 year: SHIP BASE RATE. Failed skill, calibration, robustness. Mean skill score -0.4708.
    ok    regimes exist: best multi-regime held-out log likelihood per month +0.4041 against -0.8767 for a single regime; information criterion -7 against 408
    FAIL  skill: mean skill score -0.4708 against a bar of +0.02; -0.4708 [-0.5982, -0.1106] at 90%, blocks of 120 months, about 2.2 independent observations
    FAIL  calibration: expected calibration error 0.1643 over 2674 forecasts in 9 populated bins, worth about 22 independent observations; the reliability curve is not monotone (2 reversal(s) beyond noise) (counting overlapping forecasts as independent would have found 15)
    FAIL  robustness: 2 of 4 sub-periods positive; scores -0.013 over 7 indicator(s), +0.097 over 2 indicator(s), -0.037 over 6 indicator(s), +0.002 over 5 indicator(s)
    ok    honesty: mean total variation distance to the stationary distribution 0.0627 against a floor of 0.05

Gate 5 — evaluation: PASS
  ok    every horizon reached a verdict
        verdicts: 1 year SHIP BASE RATE, 5 year SHIP BASE RATE, 10 year SHIP BASE RATE
  ok    every verdict is one of the two the rule allows
        values seen: ['SHIP BASE RATE']
  ok    a horizon that ships the base rate names the gate that failed
        1 year: calibration; 5 year: skill, calibration, robustness; 10 year: skill, calibration, robustness

run summary written to .cache/models/run_summary.json

==============================================================================
All five gates passed.
