WARNING economic_regime_forecasting.data.vintage vintage_fallback series=CPIAUCSL as_of=1975-01-01 archive_covers_from=1973-05-01 (19 months)
WARNING economic_regime_forecasting.data.vintage vintage_fallback series=CPIAUCSL as_of=1990-01-01 archive_covers_from=1988-05-01 (19 months)
WARNING economic_regime_forecasting.data.vintage vintage_fallback series=CPILFESL as_of=1975-01-01 archive_covers_from=nothing
WARNING economic_regime_forecasting.data.vintage vintage_fallback series=CPILFESL as_of=1990-01-01 archive_covers_from=nothing

==============================================================================
audit_data
==============================================================================
                        series identifier         role frequency                   units                 transform declared_start observed_start observed_end  observations  missing  publication_lag_days  revised  start_matches_registry
         industrial_production     INDPRO       growth   monthly        index 2017 = 100 year_over_year_log_change     1919-01-01     1919-01-01   2026-07-01          1291        0                    47     True                    True
    nonfarm_payroll_employment     PAYEMS       growth   monthly    thousands of persons year_over_year_log_change     1939-01-01     1939-01-01   2026-08-01          1052        0                    36     True                    True
          consumer_price_index   CPIAUCSL    inflation   monthly   index 1982-1984 = 100 year_over_year_log_change     1947-01-01     1947-01-01   2026-07-01           955        1                    44     True                    True
     core_consumer_price_index   CPILFESL    inflation   monthly   index 1982-1984 = 100 year_over_year_log_change     1957-01-01     1957-01-01   2026-07-01           835        1                    44     True                    True
three_month_treasury_bill_rate      TB3MS        rates   monthly        percent per year                     level     1934-01-01     1934-01-01   2026-08-01          1112        0                    32    False                    True
            federal_funds_rate   FEDFUNDS        rates   monthly        percent per year                     level     1954-07-01     1954-07-01   2026-08-01           866        0                    32    False                    True
       ten_year_treasury_yield       GS10        rates   monthly        percent per year                     level     1953-04-01     1953-04-01   2026-08-01           881        0                    32    False                    True
             unemployment_rate     UNRATE       labour   monthly percent of labour force                     level     1948-01-01     1948-01-01   2026-08-01           944        1                    36     True                    True
           recession_indicator      USREC outcome_only   monthly             binary flag                     level     1854-12-01     1854-12-01   2026-08-01          2061        0                   400     True                    True

Gate 1 — data: PASS
  ok    every series in the registry was fetched and audited
        9 of 9 audited
  ok    each series starts where the registry says it does
        every declared start date matches the service
  ok    a second pass over the same series is served entirely from cache
        9 hit(s), 0 miss(es), 0 write(s); hit rate 100%
  ok    every series has at least twenty years of monthly history
        shortest is core_consumer_price_index with 835 observations

==============================================================================
fit_regimes
==============================================================================
              chain  states  free_parameters  training_log_likelihood  bayesian_information_criterion  held_out_log_likelihood_per_month  smallest_population_share  shortest_expected_duration_months  second_eigenvalue_modulus  persistent_enough  populated_enough  admissible
             growth       1                2              -845.858567                     1704.892234                          -1.044049                   1.000000                       1.000022e+12                   0.000000               True              True        True
             growth       2                7              -573.904626                     1193.922103                          -0.902200                   0.363150                       1.813454e+01                   0.913282               True              True        True
             growth       3               14              -351.864947                      795.955594                          -0.552168                   0.189685                       1.130712e+01                   0.939538               True              True        True
             growth       4               23              -221.725117                      594.963884                          -0.517870                   0.187147                       6.048364e+00                   0.946242               True              True        True
inflation and rates       1                5             -1999.455424                     4031.848599                          -3.139379                   1.000000                       1.000022e+12                   0.000000               True              True        True
inflation and rates       2               13             -1478.878731                     3043.395612                          -2.559291                   0.451768                       6.426272e+01                   0.974101               True              True        True
inflation and rates       3               23             -1205.115944                     2561.745537                          -2.200379                   0.289260                       2.439398e+01                   0.982003               True              True        True
inflation and rates       4               35              -963.651923                     2157.868096                          -1.470804                   0.193931                       2.193914e+01                   0.983885               True              True        True

 states  growth_chain_states  levels_chain_states  free_parameters  training_log_likelihood  bayesian_information_criterion  held_out_log_likelihood_per_month  second_eigenvalue_modulus  admissible  chosen
      1                    1                    1                7             -2845.313991                     5736.740833                          -4.183428                   0.000000        True   False
      2                    1                    2               15             -2324.737298                     4748.287847                          -3.603339                   0.974101        True   False
      3                    1                    3               25             -2050.974511                     4266.637772                          -3.244427                   0.982003        True   False
      4                    1                    4               37             -1809.510490                     3862.760330                          -2.514853                   0.983885        True   False
      2                    2                    1               12             -2573.360051                     5225.770701                          -4.041579                   0.913282        True   False
      4                    2                    2               20             -2052.783357                     4237.317715                          -3.461491                   0.974101        True   False
      6                    2                    3               30             -1779.020570                     3755.667640                          -3.102579                   0.982003        True   False
      8                    2                    4               42             -1537.556549                     3351.790198                          -2.373005                   0.983885        True   False
      3                    3                    1               19             -2351.320371                     4827.804192                          -3.691547                   0.939538        True   False
      6                    3                    2               27             -1830.743678                     3839.351206                          -3.111459                   0.974101        True   False
      9                    3                    3               37             -1556.980890                     3357.701131                          -2.752547                   0.982003        True   False
     12                    3                    4               49             -1315.516869                     2953.823689                          -2.022972                   0.983885        True   False
      4                    4                    1               28             -2221.180541                     4626.812482                          -3.657249                   0.946242        True   False
      8                    4                    2               36             -1700.603848                     3638.359496                          -3.077161                   0.974101        True   False
     12                    4                    3               46             -1426.841060                     3156.709421                          -2.718249                   0.982003        True   False
     16                    4                    4               58             -1185.377039                     2752.831980                          -1.988675                   0.983885        True    TrueWARNING economic_regime_forecasting.data.vintage vintage_fallback series=CPIAUCSL as_of=1970-12-01 archive_covers_from=nothing
WARNING economic_regime_forecasting.data.vintage vintage_fallback series=INDPRO as_of=1971-12-01 archive_covers_from=1954-01-01 (214 months)
WARNING economic_regime_forecasting.data.vintage vintage_fallback series=CPIAUCSL as_of=1971-12-01 archive_covers_from=nothing
WARNING economic_regime_forecasting.data.vintage vintage_fallback series=INDPRO as_of=1971-12-01 archive_covers_from=1954-01-01 (214 months)
WARNING economic_regime_forecasting.data.vintage vintage_fallback series=CPIAUCSL as_of=1971-12-01 archive_covers_from=nothing
WARNING economic_regime_forecasting.data.vintage vintage_fallback series=INDPRO as_of=1972-01-01 archive_covers_from=1954-01-01 (215 months)
WARNING economic_regime_forecasting.data.vintage vintage_fallback series=CPIAUCSL as_of=1972-01-01 archive_covers_from=nothing
WARNING economic_regime_forecasting.data.vintage vintage_fallback series=INDPRO as_of=1972-02-01 archive_covers_from=1954-01-01 (216 months)
WARNING economic_regime_forecasting.data.vintage vintage_fallback series=CPIAUCSL as_of=1972-02-01 archive_covers_from=nothing
WARNING economic_regime_forecasting.data.vintage vintage_fallback series=INDPRO as_of=1972-03-01 archive_covers_from=1954-01-01 (217 months)
WARNING economic_regime_forecasting.data.vintage vintage_fallback series=CPIAUCSL as_of=1972-03-01 archive_covers_from=nothing
WARNING economic_regime_forecasting.data.vintage vintage_fallback series=INDPRO as_of=1972-04-01 archive_covers_from=1954-01-01 (218 months)
WARNING economic_regime_forecasting.data.vintage vintage_fallback series=CPIAUCSL as_of=1972-04-01 archive_covers_from=nothing
WARNING economic_regime_forecasting.data.vintage vintage_fallback series=INDPRO as_of=1972-05-01 archive_covers_from=1954-01-01 (219 months)
WARNING economic_regime_forecasting.data.vintage vintage_fallback series=CPIAUCSL as_of=1972-05-01 archive_covers_from=nothing
WARNING economic_regime_forecasting.data.vintage vintage_fallback series=INDPRO as_of=1972-06-01 archive_covers_from=1954-01-01 (220 months)
WARNING economic_regime_forecasting.data.vintage vintage_fallback series=CPIAUCSL as_of=1972-06-01 archive_covers_from=nothing
WARNING economic_regime_forecasting.data.vintage vintage_fallback series=INDPRO as_of=1972-07-01 archive_covers_from=1954-01-01 (221 months)
WARNING economic_regime_forecasting.data.vintage vintage_fallback series=CPIAUCSL as_of=1972-07-01 archive_covers_from=nothing
WARNING economic_regime_forecasting.data.vintage vintage_fallback series=INDPRO as_of=1972-08-01 archive_covers_from=1954-01-01 (222 months)
WARNING economic_regime_forecasting.data.vintage vintage_fallback series=CPIAUCSL as_of=1972-08-01 archive_covers_from=1970-12-01 (19 months)
WARNING economic_regime_forecasting.data.vintage vintage_fallback series=INDPRO as_of=1972-09-01 archive_covers_from=1954-01-01 (223 months)
WARNING economic_regime_forecasting.data.vintage vintage_fallback series=CPIAUCSL as_of=1972-09-01 archive_covers_from=1971-01-01 (19 months)
WARNING economic_regime_forecasting.data.vintage vintage_fallback series=INDPRO as_of=1972-10-01 archive_covers_from=1954-01-01 (224 months)
WARNING economic_regime_forecasting.data.vintage vintage_fallback series=CPIAUCSL as_of=1972-10-01 archive_covers_from=1971-02-01 (19 months)
WARNING economic_regime_forecasting.data.vintage vintage_fallback series=INDPRO as_of=1972-11-01 archive_covers_from=1954-01-01 (225 months)
WARNING economic_regime_forecasting.data.vintage vintage_fallback series=CPIAUCSL as_of=1972-11-01 archive_covers_from=1971-03-01 (19 months)
WARNING economic_regime_forecasting.data.vintage vintage_fallback series=CPIAUCSL as_of=1972-12-01 archive_covers_from=1971-04-01 (19 months)
WARNING economic_regime_forecasting.data.vintage vintage_fallback series=CPIAUCSL as_of=1973-01-01 archive_covers_from=1971-05-01 (19 months)
WARNING economic_regime_forecasting.data.vintage vintage_fallback series=CPIAUCSL as_of=1973-02-01 archive_covers_from=1971-06-01 (19 months)
WARNING economic_regime_forecasting.data.vintage vintage_fallback series=CPIAUCSL as_of=1973-03-01 archive_covers_from=1971-07-01 (19 months)
WARNING economic_regime_forecasting.data.vintage vintage_fallback series=CPIAUCSL as_of=1973-04-01 archive_covers_from=1971-08-01 (19 months)
WARNING economic_regime_forecasting.data.vintage vintage_fallback series=CPIAUCSL as_of=1973-05-01 archive_covers_from=1971-09-01 (19 months)
WARNING economic_regime_forecasting.data.vintage vintage_fallback series=CPIAUCSL as_of=1973-06-01 archive_covers_from=1971-10-01 (19 months)
WARNING economic_regime_forecasting.data.vintage vintage_fallback series=CPIAUCSL as_of=1973-07-01 archive_covers_from=1971-11-01 (19 months)
WARNING economic_regime_forecasting.data.vintage vintage_fallback series=CPIAUCSL as_of=1973-08-01 archive_covers_from=1971-12-01 (19 months)
WARNING economic_regime_forecasting.data.vintage vintage_fallback series=CPIAUCSL as_of=1973-09-01 archive_covers_from=1972-01-01 (19 months)
WARNING economic_regime_forecasting.data.vintage vintage_fallback series=CPIAUCSL as_of=1973-10-01 archive_covers_from=1972-02-01 (19 months)
WARNING economic_regime_forecasting.data.vintage vintage_fallback series=CPIAUCSL as_of=1973-11-01 archive_covers_from=1972-03-01 (19 months)
WARNING economic_regime_forecasting.data.vintage vintage_fallback series=CPIAUCSL as_of=1973-12-01 archive_covers_from=1972-04-01 (19 months)
WARNING economic_regime_forecasting.data.vintage vintage_fallback series=CPIAUCSL as_of=1974-01-01 archive_covers_from=1972-05-01 (19 months)
WARNING economic_regime_forecasting.data.vintage vintage_fallback series=CPIAUCSL as_of=1974-02-01 archive_covers_from=1972-06-01 (19 months)
WARNING economic_regime_forecasting.data.vintage vintage_fallback series=CPIAUCSL as_of=1974-03-01 archive_covers_from=1972-07-01 (19 months)
WARNING economic_regime_forecasting.data.vintage vintage_fallback series=CPIAUCSL as_of=1974-04-01 archive_covers_from=1972-08-01 (19 months)
WARNING economic_regime_forecasting.data.vintage vintage_fallback series=CPIAUCSL as_of=1974-05-01 archive_covers_from=1972-09-01 (19 months)
WARNING economic_regime_forecasting.data.vintage vintage_fallback series=CPIAUCSL as_of=1974-06-01 archive_covers_from=1972-10-01 (19 months)
WARNING economic_regime_forecasting.data.vintage vintage_fallback series=CPIAUCSL as_of=1974-07-01 archive_covers_from=1972-11-01 (19 months)
WARNING economic_regime_forecasting.data.vintage vintage_fallback series=CPIAUCSL as_of=1974-08-01 archive_covers_from=1972-12-01 (19 months)
WARNING economic_regime_forecasting.data.vintage vintage_fallback series=CPIAUCSL as_of=1974-09-01 archive_covers_from=1973-01-01 (19 months)
WARNING economic_regime_forecasting.data.vintage vintage_fallback series=CPIAUCSL as_of=1974-10-01 archive_covers_from=1973-02-01 (19 months)
WARNING economic_regime_forecasting.data.vintage vintage_fallback series=CPIAUCSL as_of=1974-11-01 archive_covers_from=1973-03-01 (19 months)
WARNING economic_regime_forecasting.data.vintage vintage_fallback series=CPIAUCSL as_of=1974-12-01 archive_covers_from=1973-04-01 (19 months)
WARNING economic_regime_forecasting.data.vintage vintage_fallback series=CPIAUCSL as_of=1975-01-01 archive_covers_from=1973-05-01 (19 months)
WARNING economic_regime_forecasting.data.vintage vintage_fallback series=CPIAUCSL as_of=1975-02-01 archive_covers_from=1973-06-01 (19 months)
WARNING economic_regime_forecasting.data.vintage vintage_fallback series=CPIAUCSL as_of=1975-03-01 archive_covers_from=1973-07-01 (19 months)
WARNING economic_regime_forecasting.data.vintage vintage_fallback series=CPIAUCSL as_of=1975-04-01 archive_covers_from=1973-08-01 (19 months)
WARNING economic_regime_forecasting.data.vintage vintage_fallback series=CPIAUCSL as_of=1975-05-01 archive_covers_from=1973-09-01 (19 months)
WARNING economic_regime_forecasting.data.vintage vintage_fallback series=CPIAUCSL as_of=1975-06-01 archive_covers_from=1973-10-01 (19 months)
WARNING economic_regime_forecasting.data.vintage vintage_fallback series=CPIAUCSL as_of=1975-07-01 archive_covers_from=1973-11-01 (19 months)
WARNING economic_regime_forecasting.data.vintage vintage_fallback series=CPIAUCSL as_of=1975-08-01 archive_covers_from=1973-12-01 (19 months)
WARNING economic_regime_forecasting.data.vintage vintage_fallback series=CPIAUCSL as_of=1975-09-01 archive_covers_from=1974-01-01 (19 months)
WARNING economic_regime_forecasting.data.vintage vintage_fallback series=CPIAUCSL as_of=1975-10-01 archive_covers_from=1974-02-01 (19 months)
WARNING economic_regime_forecasting.data.vintage vintage_fallback series=CPIAUCSL as_of=1975-11-01 archive_covers_from=1974-03-01 (19 months)
WARNING economic_regime_forecasting.data.vintage vintage_fallback series=CPIAUCSL as_of=1975-12-01 archive_covers_from=1974-04-01 (19 months)
WARNING economic_regime_forecasting.data.vintage vintage_fallback series=CPIAUCSL as_of=1976-01-01 archive_covers_from=1974-05-01 (19 months)
WARNING economic_regime_forecasting.data.vintage vintage_fallback series=CPIAUCSL as_of=1976-02-01 archive_covers_from=1974-06-01 (19 months)
WARNING economic_regime_forecasting.data.vintage vintage_fallback series=CPIAUCSL as_of=1976-03-01 archive_covers_from=1974-07-01 (19 months)
WARNING economic_regime_forecasting.data.vintage vintage_fallback series=CPIAUCSL as_of=1976-04-01 archive_covers_from=1974-08-01 (19 months)
WARNING economic_regime_forecasting.data.vintage vintage_fallback series=CPIAUCSL as_of=1976-05-01 archive_covers_from=1974-09-01 (19 months)
WARNING economic_regime_forecasting.data.vintage vintage_fallback series=CPIAUCSL as_of=1976-06-01 archive_covers_from=1974-10-01 (19 months)
WARNING economic_regime_forecasting.data.vintage vintage_fallback series=CPIAUCSL as_of=1976-07-01 archive_covers_from=1974-11-01 (19 months)
WARNING economic_regime_forecasting.data.vintage vintage_fallback series=CPIAUCSL as_of=1976-08-01 archive_covers_from=1974-12-01 (19 months)
WARNING economic_regime_forecasting.data.vintage vintage_fallback series=CPIAUCSL as_of=1976-09-01 archive_covers_from=1975-01-01 (19 months)
WARNING economic_regime_forecasting.data.vintage vintage_fallback series=CPIAUCSL as_of=1976-10-01 archive_covers_from=1975-02-01 (19 months)
WARNING economic_regime_forecasting.data.vintage vintage_fallback series=CPIAUCSL as_of=1976-11-01 archive_covers_from=1975-03-01 (19 months)
WARNING economic_regime_forecasting.data.vintage vintage_fallback series=CPIAUCSL as_of=1976-12-01 archive_covers_from=1975-04-01 (19 months)
WARNING economic_regime_forecasting.data.vintage vintage_fallback series=CPIAUCSL as_of=1977-01-01 archive_covers_from=1975-05-01 (19 months)
WARNING economic_regime_forecasting.data.vintage vintage_fallback series=CPIAUCSL as_of=1977-02-01 archive_covers_from=1975-06-01 (19 months)
WARNING economic_regime_forecasting.data.vintage vintage_fallback series=CPIAUCSL as_of=1977-03-01 archive_covers_from=1975-07-01 (19 months)
WARNING economic_regime_forecasting.data.vintage vintage_fallback series=CPIAUCSL as_of=1977-04-01 archive_covers_from=1975-08-01 (19 months)
WARNING economic_regime_forecasting.data.vintage vintage_fallback series=CPIAUCSL as_of=1977-05-01 archive_covers_from=1975-09-01 (19 months)
WARNING economic_regime_forecasting.data.vintage vintage_fallback series=CPIAUCSL as_of=1977-06-01 archive_covers_from=1975-10-01 (19 months)
WARNING economic_regime_forecasting.data.vintage vintage_fallback series=CPIAUCSL as_of=1977-07-01 archive_covers_from=1975-11-01 (19 months)
WARNING economic_regime_forecasting.data.vintage vintage_fallback series=CPIAUCSL as_of=1977-08-01 archive_covers_from=1975-12-01 (19 months)
WARNING economic_regime_forecasting.data.vintage vintage_fallback series=CPIAUCSL as_of=1977-09-01 archive_covers_from=1976-01-01 (19 months)
WARNING economic_regime_forecasting.data.vintage vintage_fallback series=CPIAUCSL as_of=1977-10-01 archive_covers_from=1976-02-01 (19 months)
WARNING economic_regime_forecasting.data.vintage vintage_fallback series=CPIAUCSL as_of=1977-11-01 archive_covers_from=1976-03-01 (19 months)
WARNING economic_regime_forecasting.data.vintage vintage_fallback series=CPIAUCSL as_of=1977-12-01 archive_covers_from=1976-04-01 (19 months)
WARNING economic_regime_forecasting.data.vintage vintage_fallback series=CPIAUCSL as_of=1978-01-01 archive_covers_from=1976-05-01 (19 months)
WARNING economic_regime_forecasting.data.vintage vintage_fallback series=CPIAUCSL as_of=1978-02-01 archive_covers_from=1976-06-01 (19 months)
WARNING economic_regime_forecasting.data.vintage vintage_fallback series=CPIAUCSL as_of=1978-03-01 archive_covers_from=1976-07-01 (19 months)
WARNING economic_regime_forecasting.data.vintage vintage_fallback series=CPIAUCSL as_of=1978-04-01 archive_covers_from=1976-08-01 (19 months)
WARNING economic_regime_forecasting.data.vintage vintage_fallback series=CPIAUCSL as_of=1978-05-01 archive_covers_from=1976-09-01 (19 months)
WARNING economic_regime_forecasting.data.vintage vintage_fallback series=CPIAUCSL as_of=1978-06-01 archive_covers_from=1976-10-01 (19 months)
WARNING economic_regime_forecasting.data.vintage vintage_fallback series=CPIAUCSL as_of=1978-07-01 archive_covers_from=1976-11-01 (19 months)
WARNING economic_regime_forecasting.data.vintage vintage_fallback series=CPIAUCSL as_of=1978-08-01 archive_covers_from=1976-12-01 (19 months)
WARNING economic_regime_forecasting.data.vintage vintage_fallback series=CPIAUCSL as_of=1978-09-01 archive_covers_from=1977-01-01 (19 months)
WARNING economic_regime_forecasting.data.vintage vintage_fallback series=CPIAUCSL as_of=1978-10-01 archive_covers_from=1977-02-01 (19 months)
WARNING economic_regime_forecasting.data.vintage vintage_fallback series=CPIAUCSL as_of=1978-11-01 archive_covers_from=1977-03-01 (19 months)
WARNING economic_regime_forecasting.data.vintage vintage_fallback series=CPIAUCSL as_of=1978-12-01 archive_covers_from=1977-04-01 (19 months)
WARNING economic_regime_forecasting.data.vintage vintage_fallback series=CPIAUCSL as_of=1979-01-01 archive_covers_from=1977-05-01 (19 months)
WARNING economic_regime_forecasting.data.vintage vintage_fallback series=CPIAUCSL as_of=1979-02-01 archive_covers_from=1977-06-01 (19 months)
WARNING economic_regime_forecasting.data.vintage vintage_fallback series=CPIAUCSL as_of=1979-03-01 archive_covers_from=1977-07-01 (19 months)
WARNING economic_regime_forecasting.data.vintage vintage_fallback series=CPIAUCSL as_of=1979-04-01 archive_covers_from=1977-08-01 (19 months)
WARNING economic_regime_forecasting.data.vintage vintage_fallback series=CPIAUCSL as_of=1979-05-01 archive_covers_from=1977-09-01 (19 months)
WARNING economic_regime_forecasting.data.vintage vintage_fallback series=CPIAUCSL as_of=1979-06-01 archive_covers_from=1977-10-01 (19 months)
WARNING economic_regime_forecasting.data.vintage vintage_fallback series=CPIAUCSL as_of=1979-07-01 archive_covers_from=1977-11-01 (19 months)
WARNING economic_regime_forecasting.data.vintage vintage_fallback series=CPIAUCSL as_of=1979-08-01 archive_covers_from=1977-12-01 (19 months)
WARNING economic_regime_forecasting.data.vintage vintage_fallback series=CPIAUCSL as_of=1979-09-01 archive_covers_from=1978-01-01 (19 months)
WARNING economic_regime_forecasting.data.vintage vintage_fallback series=CPIAUCSL as_of=1979-10-01 archive_covers_from=1978-02-01 (19 months)
WARNING economic_regime_forecasting.data.vintage vintage_fallback series=CPIAUCSL as_of=1979-11-01 archive_covers_from=1978-03-01 (19 months)
WARNING economic_regime_forecasting.data.vintage vintage_fallback series=CPIAUCSL as_of=1979-12-01 archive_covers_from=1978-04-01 (19 months)
WARNING economic_regime_forecasting.data.vintage vintage_fallback series=CPIAUCSL as_of=1980-01-01 archive_covers_from=1978-05-01 (19 months)
WARNING economic_regime_forecasting.data.vintage vintage_fallback series=CPIAUCSL as_of=1980-02-01 archive_covers_from=1978-06-01 (19 months)
WARNING economic_regime_forecasting.data.vintage vintage_fallback series=CPIAUCSL as_of=1980-03-01 archive_covers_from=1978-07-01 (19 months)
WARNING economic_regime_forecasting.data.vintage vintage_fallback series=CPIAUCSL as_of=1980-04-01 archive_covers_from=1978-08-01 (19 months)
WARNING economic_regime_forecasting.data.vintage vintage_fallback series=CPIAUCSL as_of=1980-05-01 archive_covers_from=1978-09-01 (19 months)
WARNING economic_regime_forecasting.data.vintage vintage_fallback series=CPIAUCSL as_of=1980-06-01 archive_covers_from=1978-10-01 (19 months)
WARNING economic_regime_forecasting.data.vintage vintage_fallback series=CPIAUCSL as_of=1980-07-01 archive_covers_from=1978-11-01 (19 months)
WARNING economic_regime_forecasting.data.vintage vintage_fallback series=CPIAUCSL as_of=1980-08-01 archive_covers_from=1978-12-01 (19 months)
WARNING economic_regime_forecasting.data.vintage vintage_fallback series=CPIAUCSL as_of=1980-09-01 archive_covers_from=1979-01-01 (19 months)
WARNING economic_regime_forecasting.data.vintage vintage_fallback series=CPIAUCSL as_of=1980-10-01 archive_covers_from=1979-02-01 (19 months)
WARNING economic_regime_forecasting.data.vintage vintage_fallback series=CPIAUCSL as_of=1980-11-01 archive_covers_from=1979-03-01 (19 months)
WARNING economic_regime_forecasting.data.vintage vintage_fallback series=CPIAUCSL as_of=1980-12-01 archive_covers_from=1979-04-01 (19 months)
WARNING economic_regime_forecasting.data.vintage vintage_fallback series=CPIAUCSL as_of=1981-01-01 archive_covers_from=1979-05-01 (19 months)
WARNING economic_regime_forecasting.data.vintage vintage_fallback series=CPIAUCSL as_of=1981-02-01 archive_covers_from=1979-06-01 (19 months)
WARNING economic_regime_forecasting.data.vintage vintage_fallback series=CPIAUCSL as_of=1981-03-01 archive_covers_from=1979-07-01 (19 months)
WARNING economic_regime_forecasting.data.vintage vintage_fallback series=CPIAUCSL as_of=1981-04-01 archive_covers_from=1979-08-01 (19 months)
WARNING economic_regime_forecasting.data.vintage vintage_fallback series=CPIAUCSL as_of=1981-05-01 archive_covers_from=1979-09-01 (19 months)
WARNING economic_regime_forecasting.data.vintage vintage_fallback series=CPIAUCSL as_of=1981-06-01 archive_covers_from=1979-10-01 (19 months)
WARNING economic_regime_forecasting.data.vintage vintage_fallback series=CPIAUCSL as_of=1981-07-01 archive_covers_from=1979-11-01 (19 months)
WARNING economic_regime_forecasting.data.vintage vintage_fallback series=CPIAUCSL as_of=1981-08-01 archive_covers_from=1979-12-01 (19 months)
WARNING economic_regime_forecasting.data.vintage vintage_fallback series=CPIAUCSL as_of=1981-09-01 archive_covers_from=1980-01-01 (19 months)
WARNING economic_regime_forecasting.data.vintage vintage_fallback series=CPIAUCSL as_of=1981-10-01 archive_covers_from=1980-02-01 (19 months)
WARNING economic_regime_forecasting.data.vintage vintage_fallback series=CPIAUCSL as_of=1981-11-01 archive_covers_from=1980-03-01 (19 months)
WARNING economic_regime_forecasting.data.vintage vintage_fallback series=CPIAUCSL as_of=1981-12-01 archive_covers_from=1980-04-01 (19 months)
WARNING economic_regime_forecasting.data.vintage vintage_fallback series=CPIAUCSL as_of=1982-01-01 archive_covers_from=1980-05-01 (19 months)
WARNING economic_regime_forecasting.data.vintage vintage_fallback series=CPIAUCSL as_of=1982-02-01 archive_covers_from=1980-06-01 (19 months)
WARNING economic_regime_forecasting.data.vintage vintage_fallback series=CPIAUCSL as_of=1982-03-01 archive_covers_from=1980-07-01 (19 months)
WARNING economic_regime_forecasting.data.vintage vintage_fallback series=CPIAUCSL as_of=1982-04-01 archive_covers_from=1980-08-01 (19 months)
WARNING economic_regime_forecasting.data.vintage vintage_fallback series=CPIAUCSL as_of=1982-05-01 archive_covers_from=1980-09-01 (19 months)
WARNING economic_regime_forecasting.data.vintage vintage_fallback series=CPIAUCSL as_of=1982-06-01 archive_covers_from=1980-10-01 (19 months)
WARNING economic_regime_forecasting.data.vintage vintage_fallback series=CPIAUCSL as_of=1982-07-01 archive_covers_from=1980-11-01 (19 months)
WARNING economic_regime_forecasting.data.vintage vintage_fallback series=CPIAUCSL as_of=1982-08-01 archive_covers_from=1980-12-01 (19 months)
WARNING economic_regime_forecasting.data.vintage vintage_fallback series=CPIAUCSL as_of=1982-09-01 archive_covers_from=1981-01-01 (19 months)
WARNING economic_regime_forecasting.data.vintage vintage_fallback series=CPIAUCSL as_of=1982-10-01 archive_covers_from=1981-02-01 (19 months)
WARNING economic_regime_forecasting.data.vintage vintage_fallback series=CPIAUCSL as_of=1982-11-01 archive_covers_from=1981-03-01 (19 months)
WARNING economic_regime_forecasting.data.vintage vintage_fallback series=CPIAUCSL as_of=1982-12-01 archive_covers_from=1981-04-01 (19 months)
WARNING economic_regime_forecasting.data.vintage vintage_fallback series=CPIAUCSL as_of=1983-01-01 archive_covers_from=1981-05-01 (19 months)
WARNING economic_regime_forecasting.data.vintage vintage_fallback series=CPIAUCSL as_of=1983-02-01 archive_covers_from=1981-06-01 (19 months)
WARNING economic_regime_forecasting.data.vintage vintage_fallback series=CPIAUCSL as_of=1983-03-01 archive_covers_from=1981-07-01 (19 months)
WARNING economic_regime_forecasting.data.vintage vintage_fallback series=CPIAUCSL as_of=1983-04-01 archive_covers_from=1981-08-01 (19 months)
WARNING economic_regime_forecasting.data.vintage vintage_fallback series=CPIAUCSL as_of=1983-05-01 archive_covers_from=1981-09-01 (19 months)
WARNING economic_regime_forecasting.data.vintage vintage_fallback series=CPIAUCSL as_of=1983-06-01 archive_covers_from=1981-10-01 (19 months)
WARNING economic_regime_forecasting.data.vintage vintage_fallback series=CPIAUCSL as_of=1983-07-01 archive_covers_from=1981-11-01 (19 months)
WARNING economic_regime_forecasting.data.vintage vintage_fallback series=CPIAUCSL as_of=1983-08-01 archive_covers_from=1981-12-01 (19 months)
WARNING economic_regime_forecasting.data.vintage vintage_fallback series=CPIAUCSL as_of=1983-09-01 archive_covers_from=1982-01-01 (19 months)
WARNING economic_regime_forecasting.data.vintage vintage_fallback series=CPIAUCSL as_of=1983-10-01 archive_covers_from=1982-02-01 (19 months)
WARNING economic_regime_forecasting.data.vintage vintage_fallback series=CPIAUCSL as_of=1983-11-01 archive_covers_from=1982-03-01 (19 months)
WARNING economic_regime_forecasting.data.vintage vintage_fallback series=CPIAUCSL as_of=1983-12-01 archive_covers_from=1982-04-01 (19 months)
WARNING economic_regime_forecasting.data.vintage vintage_fallback series=CPIAUCSL as_of=1984-01-01 archive_covers_from=1982-05-01 (19 months)
WARNING economic_regime_forecasting.data.vintage vintage_fallback series=CPIAUCSL as_of=1984-02-01 archive_covers_from=1982-06-01 (19 months)
WARNING economic_regime_forecasting.data.vintage vintage_fallback series=CPIAUCSL as_of=1984-03-01 archive_covers_from=1982-07-01 (19 months)
WARNING economic_regime_forecasting.data.vintage vintage_fallback series=CPIAUCSL as_of=1984-04-01 archive_covers_from=1982-08-01 (19 months)
WARNING economic_regime_forecasting.data.vintage vintage_fallback series=CPIAUCSL as_of=1984-05-01 archive_covers_from=1982-09-01 (19 months)
WARNING economic_regime_forecasting.data.vintage vintage_fallback series=CPIAUCSL as_of=1984-06-01 archive_covers_from=1982-10-01 (19 months)
WARNING economic_regime_forecasting.data.vintage vintage_fallback series=CPIAUCSL as_of=1984-07-01 archive_covers_from=1982-11-01 (19 months)
WARNING economic_regime_forecasting.data.vintage vintage_fallback series=CPIAUCSL as_of=1984-08-01 archive_covers_from=1982-12-01 (19 months)
WARNING economic_regime_forecasting.data.vintage vintage_fallback series=CPIAUCSL as_of=1984-09-01 archive_covers_from=1983-01-01 (19 months)
WARNING economic_regime_forecasting.data.vintage vintage_fallback series=CPIAUCSL as_of=1984-10-01 archive_covers_from=1983-02-01 (19 months)
WARNING economic_regime_forecasting.data.vintage vintage_fallback series=CPIAUCSL as_of=1984-11-01 archive_covers_from=1983-03-01 (19 months)
WARNING economic_regime_forecasting.data.vintage vintage_fallback series=CPIAUCSL as_of=1984-12-01 archive_covers_from=1983-04-01 (19 months)
WARNING economic_regime_forecasting.data.vintage vintage_fallback series=CPIAUCSL as_of=1985-01-01 archive_covers_from=1983-05-01 (19 months)
WARNING economic_regime_forecasting.data.vintage vintage_fallback series=CPIAUCSL as_of=1985-02-01 archive_covers_from=1983-06-01 (19 months)
WARNING economic_regime_forecasting.data.vintage vintage_fallback series=CPIAUCSL as_of=1985-03-01 archive_covers_from=1983-07-01 (19 months)
WARNING economic_regime_forecasting.data.vintage vintage_fallback series=CPIAUCSL as_of=1985-04-01 archive_covers_from=1983-08-01 (19 months)
WARNING economic_regime_forecasting.data.vintage vintage_fallback series=CPIAUCSL as_of=1985-05-01 archive_covers_from=1983-09-01 (19 months)
WARNING economic_regime_forecasting.data.vintage vintage_fallback series=CPIAUCSL as_of=1985-06-01 archive_covers_from=1983-10-01 (19 months)
WARNING economic_regime_forecasting.data.vintage vintage_fallback series=CPIAUCSL as_of=1985-07-01 archive_covers_from=1983-11-01 (19 months)
WARNING economic_regime_forecasting.data.vintage vintage_fallback series=CPIAUCSL as_of=1985-08-01 archive_covers_from=1983-12-01 (19 months)
WARNING economic_regime_forecasting.data.vintage vintage_fallback series=CPIAUCSL as_of=1985-09-01 archive_covers_from=1984-01-01 (19 months)
WARNING economic_regime_forecasting.data.vintage vintage_fallback series=CPIAUCSL as_of=1985-10-01 archive_covers_from=1984-02-01 (19 months)
WARNING economic_regime_forecasting.data.vintage vintage_fallback series=CPIAUCSL as_of=1985-11-01 archive_covers_from=1984-03-01 (19 months)
WARNING economic_regime_forecasting.data.vintage vintage_fallback series=CPIAUCSL as_of=1985-12-01 archive_covers_from=1984-04-01 (19 months)
WARNING economic_regime_forecasting.data.vintage vintage_fallback series=CPIAUCSL as_of=1986-01-01 archive_covers_from=1984-05-01 (19 months)
WARNING economic_regime_forecasting.data.vintage vintage_fallback series=CPIAUCSL as_of=1986-02-01 archive_covers_from=1984-06-01 (19 months)
WARNING economic_regime_forecasting.data.vintage vintage_fallback series=CPIAUCSL as_of=1986-03-01 archive_covers_from=1984-07-01 (19 months)
WARNING economic_regime_forecasting.data.vintage vintage_fallback series=CPIAUCSL as_of=1986-04-01 archive_covers_from=1984-08-01 (19 months)
WARNING economic_regime_forecasting.data.vintage vintage_fallback series=CPIAUCSL as_of=1986-05-01 archive_covers_from=1984-09-01 (19 months)
WARNING economic_regime_forecasting.data.vintage vintage_fallback series=CPIAUCSL as_of=1986-06-01 archive_covers_from=1984-10-01 (19 months)
WARNING economic_regime_forecasting.data.vintage vintage_fallback series=CPIAUCSL as_of=1986-07-01 archive_covers_from=1984-11-01 (19 months)
WARNING economic_regime_forecasting.data.vintage vintage_fallback series=CPIAUCSL as_of=1986-08-01 archive_covers_from=1984-12-01 (19 months)
WARNING economic_regime_forecasting.data.vintage vintage_fallback series=CPIAUCSL as_of=1986-09-01 archive_covers_from=1985-01-01 (19 months)
WARNING economic_regime_forecasting.data.vintage vintage_fallback series=CPIAUCSL as_of=1986-10-01 archive_covers_from=1985-02-01 (19 months)
WARNING economic_regime_forecasting.data.vintage vintage_fallback series=CPIAUCSL as_of=1986-11-01 archive_covers_from=1985-03-01 (19 months)
WARNING economic_regime_forecasting.data.vintage vintage_fallback series=CPIAUCSL as_of=1986-12-01 archive_covers_from=1985-04-01 (19 months)
WARNING economic_regime_forecasting.data.vintage vintage_fallback series=CPIAUCSL as_of=1987-01-01 archive_covers_from=1985-05-01 (19 months)
WARNING economic_regime_forecasting.data.vintage vintage_fallback series=CPIAUCSL as_of=1987-02-01 archive_covers_from=1985-06-01 (19 months)
WARNING economic_regime_forecasting.data.vintage vintage_fallback series=CPIAUCSL as_of=1987-03-01 archive_covers_from=1985-07-01 (19 months)
WARNING economic_regime_forecasting.data.vintage vintage_fallback series=CPIAUCSL as_of=1987-04-01 archive_covers_from=1985-08-01 (19 months)
WARNING economic_regime_forecasting.data.vintage vintage_fallback series=CPIAUCSL as_of=1987-05-01 archive_covers_from=1985-09-01 (19 months)
WARNING economic_regime_forecasting.data.vintage vintage_fallback series=CPIAUCSL as_of=1987-06-01 archive_covers_from=1985-10-01 (19 months)
WARNING economic_regime_forecasting.data.vintage vintage_fallback series=CPIAUCSL as_of=1987-07-01 archive_covers_from=1985-11-01 (19 months)
WARNING economic_regime_forecasting.data.vintage vintage_fallback series=CPIAUCSL as_of=1987-08-01 archive_covers_from=1985-12-01 (19 months)
WARNING economic_regime_forecasting.data.vintage vintage_fallback series=CPIAUCSL as_of=1987-09-01 archive_covers_from=1986-01-01 (19 months)
WARNING economic_regime_forecasting.data.vintage vintage_fallback series=CPIAUCSL as_of=1987-10-01 archive_covers_from=1986-02-01 (19 months)
WARNING economic_regime_forecasting.data.vintage vintage_fallback series=CPIAUCSL as_of=1987-11-01 archive_covers_from=1986-03-01 (19 months)
WARNING economic_regime_forecasting.data.vintage vintage_fallback series=CPIAUCSL as_of=1987-12-01 archive_covers_from=1986-04-01 (19 months)
WARNING economic_regime_forecasting.data.vintage vintage_fallback series=CPIAUCSL as_of=1988-01-01 archive_covers_from=1986-05-01 (19 months)
WARNING economic_regime_forecasting.data.vintage vintage_fallback series=CPIAUCSL as_of=1988-02-01 archive_covers_from=1986-06-01 (19 months)
WARNING economic_regime_forecasting.data.vintage vintage_fallback series=CPIAUCSL as_of=1988-03-01 archive_covers_from=1986-07-01 (19 months)
WARNING economic_regime_forecasting.data.vintage vintage_fallback series=CPIAUCSL as_of=1988-04-01 archive_covers_from=1986-08-01 (19 months)
WARNING economic_regime_forecasting.data.vintage vintage_fallback series=CPIAUCSL as_of=1988-05-01 archive_covers_from=1986-09-01 (19 months)
WARNING economic_regime_forecasting.data.vintage vintage_fallback series=CPIAUCSL as_of=1988-06-01 archive_covers_from=1986-10-01 (19 months)
WARNING economic_regime_forecasting.data.vintage vintage_fallback series=CPIAUCSL as_of=1988-07-01 archive_covers_from=1986-11-01 (19 months)
WARNING economic_regime_forecasting.data.vintage vintage_fallback series=CPIAUCSL as_of=1988-08-01 archive_covers_from=1986-12-01 (19 months)
WARNING economic_regime_forecasting.data.vintage vintage_fallback series=CPIAUCSL as_of=1988-09-01 archive_covers_from=1987-01-01 (19 months)
WARNING economic_regime_forecasting.data.vintage vintage_fallback series=CPIAUCSL as_of=1988-10-01 archive_covers_from=1987-02-01 (19 months)
WARNING economic_regime_forecasting.data.vintage vintage_fallback series=CPIAUCSL as_of=1988-11-01 archive_covers_from=1987-03-01 (19 months)
WARNING economic_regime_forecasting.data.vintage vintage_fallback series=CPIAUCSL as_of=1988-12-01 archive_covers_from=1987-04-01 (19 months)
WARNING economic_regime_forecasting.data.vintage vintage_fallback series=CPIAUCSL as_of=1989-01-01 archive_covers_from=1987-05-01 (19 months)
WARNING economic_regime_forecasting.data.vintage vintage_fallback series=CPIAUCSL as_of=1989-02-01 archive_covers_from=1987-06-01 (19 months)
WARNING economic_regime_forecasting.data.vintage vintage_fallback series=CPIAUCSL as_of=1989-03-01 archive_covers_from=1987-07-01 (19 months)
WARNING economic_regime_forecasting.data.vintage vintage_fallback series=CPIAUCSL as_of=1989-04-01 archive_covers_from=1987-08-01 (19 months)
WARNING economic_regime_forecasting.data.vintage vintage_fallback series=CPIAUCSL as_of=1989-05-01 archive_covers_from=1987-09-01 (19 months)
WARNING economic_regime_forecasting.data.vintage vintage_fallback series=CPIAUCSL as_of=1989-06-01 archive_covers_from=1987-10-01 (19 months)
WARNING economic_regime_forecasting.data.vintage vintage_fallback series=CPIAUCSL as_of=1989-07-01 archive_covers_from=1987-11-01 (19 months)
WARNING economic_regime_forecasting.data.vintage vintage_fallback series=CPIAUCSL as_of=1989-08-01 archive_covers_from=1987-12-01 (19 months)
WARNING economic_regime_forecasting.data.vintage vintage_fallback series=CPIAUCSL as_of=1989-09-01 archive_covers_from=1988-01-01 (19 months)
WARNING economic_regime_forecasting.data.vintage vintage_fallback series=CPIAUCSL as_of=1989-10-01 archive_covers_from=1988-02-01 (19 months)
WARNING economic_regime_forecasting.data.vintage vintage_fallback series=CPIAUCSL as_of=1989-11-01 archive_covers_from=1988-03-01 (19 months)
WARNING economic_regime_forecasting.data.vintage vintage_fallback series=CPIAUCSL as_of=1989-12-01 archive_covers_from=1988-04-01 (19 months)
WARNING economic_regime_forecasting.data.vintage vintage_fallback series=CPIAUCSL as_of=1990-01-01 archive_covers_from=1988-05-01 (19 months)
WARNING economic_regime_forecasting.data.vintage vintage_fallback series=CPIAUCSL as_of=1990-02-01 archive_covers_from=1988-06-01 (19 months)
WARNING economic_regime_forecasting.data.vintage vintage_fallback series=CPIAUCSL as_of=1990-03-01 archive_covers_from=1988-10-01 (16 months)
WARNING economic_regime_forecasting.data.vintage vintage_fallback series=CPIAUCSL as_of=1990-04-01 archive_covers_from=1988-10-01 (17 months)
WARNING economic_regime_forecasting.data.vintage vintage_fallback series=CPIAUCSL as_of=1990-05-01 archive_covers_from=1988-10-01 (18 months)
WARNING economic_regime_forecasting.data.vintage vintage_fallback series=CPIAUCSL as_of=1990-06-01 archive_covers_from=1988-10-01 (19 months)
WARNING economic_regime_forecasting.data.vintage vintage_fallback series=CPIAUCSL as_of=1990-07-01 archive_covers_from=1988-11-01 (19 months)
WARNING economic_regime_forecasting.data.vintage vintage_fallback series=CPIAUCSL as_of=1990-08-01 archive_covers_from=1988-12-01 (19 months)
WARNING economic_regime_forecasting.data.vintage vintage_fallback series=CPIAUCSL as_of=1990-09-01 archive_covers_from=1989-01-01 (19 months)
WARNING economic_regime_forecasting.data.vintage vintage_fallback series=CPIAUCSL as_of=1990-10-01 archive_covers_from=1989-02-01 (19 months)
WARNING economic_regime_forecasting.data.vintage vintage_fallback series=CPIAUCSL as_of=1990-11-01 archive_covers_from=1989-03-01 (19 months)
WARNING economic_regime_forecasting.data.vintage vintage_fallback series=CPIAUCSL as_of=1990-12-01 archive_covers_from=1989-04-01 (19 months)
WARNING economic_regime_forecasting.data.vintage vintage_fallback series=CPIAUCSL as_of=1991-01-01 archive_covers_from=1989-05-01 (19 months)
WARNING economic_regime_forecasting.data.vintage vintage_fallback series=CPIAUCSL as_of=1991-02-01 archive_covers_from=1989-06-01 (19 months)
WARNING economic_regime_forecasting.data.vintage vintage_fallback series=CPIAUCSL as_of=1991-03-01 archive_covers_from=1989-07-01 (19 months)
WARNING economic_regime_forecasting.data.vintage vintage_fallback series=CPIAUCSL as_of=1991-04-01 archive_covers_from=1989-08-01 (19 months)
WARNING economic_regime_forecasting.data.vintage vintage_fallback series=CPIAUCSL as_of=1991-05-01 archive_covers_from=1989-09-01 (19 months)
WARNING economic_regime_forecasting.data.vintage vintage_fallback series=CPIAUCSL as_of=1991-06-01 archive_covers_from=1989-10-01 (19 months)
WARNING economic_regime_forecasting.data.vintage vintage_fallback series=CPIAUCSL as_of=1991-07-01 archive_covers_from=1989-11-01 (19 months)
WARNING economic_regime_forecasting.data.vintage vintage_fallback series=CPIAUCSL as_of=1991-08-01 archive_covers_from=1989-12-01 (19 months)
WARNING economic_regime_forecasting.data.vintage vintage_fallback series=CPIAUCSL as_of=1991-09-01 archive_covers_from=1990-01-01 (19 months)
WARNING economic_regime_forecasting.data.vintage vintage_fallback series=CPIAUCSL as_of=1991-10-01 archive_covers_from=1990-02-01 (19 months)
WARNING economic_regime_forecasting.data.vintage vintage_fallback series=CPIAUCSL as_of=1991-11-01 archive_covers_from=1990-03-01 (19 months)
WARNING economic_regime_forecasting.data.vintage vintage_fallback series=CPIAUCSL as_of=1991-12-01 archive_covers_from=1990-04-01 (19 months)
WARNING economic_regime_forecasting.data.vintage vintage_fallback series=CPIAUCSL as_of=1992-01-01 archive_covers_from=1990-05-01 (19 months)
WARNING economic_regime_forecasting.data.vintage vintage_fallback series=CPIAUCSL as_of=1992-02-01 archive_covers_from=1990-06-01 (19 months)
WARNING economic_regime_forecasting.data.vintage vintage_fallback series=CPIAUCSL as_of=1992-03-01 archive_covers_from=1990-07-01 (19 months)
WARNING economic_regime_forecasting.data.vintage vintage_fallback series=CPIAUCSL as_of=1992-04-01 archive_covers_from=1990-08-01 (19 months)
WARNING economic_regime_forecasting.data.vintage vintage_fallback series=CPIAUCSL as_of=1992-05-01 archive_covers_from=1990-09-01 (19 months)
WARNING economic_regime_forecasting.data.vintage vintage_fallback series=CPIAUCSL as_of=1992-06-01 archive_covers_from=1990-10-01 (19 months)
WARNING economic_regime_forecasting.data.vintage vintage_fallback series=CPIAUCSL as_of=1992-07-01 archive_covers_from=1990-11-01 (19 months)
WARNING economic_regime_forecasting.data.vintage vintage_fallback series=CPIAUCSL as_of=1992-08-01 archive_covers_from=1990-12-01 (19 months)
WARNING economic_regime_forecasting.data.vintage vintage_fallback series=CPIAUCSL as_of=1992-09-01 archive_covers_from=1991-01-01 (19 months)
WARNING economic_regime_forecasting.data.vintage vintage_fallback series=CPIAUCSL as_of=1992-10-01 archive_covers_from=1991-02-01 (19 months)
WARNING economic_regime_forecasting.data.vintage vintage_fallback series=CPIAUCSL as_of=1992-11-01 archive_covers_from=1991-03-01 (19 months)
WARNING economic_regime_forecasting.data.vintage vintage_fallback series=CPIAUCSL as_of=1992-12-01 archive_covers_from=1991-04-01 (19 months)
WARNING economic_regime_forecasting.data.vintage vintage_fallback series=CPIAUCSL as_of=1993-01-01 archive_covers_from=1991-05-01 (19 months)
WARNING economic_regime_forecasting.data.vintage vintage_fallback series=CPIAUCSL as_of=1993-02-01 archive_covers_from=1991-06-01 (19 months)
WARNING economic_regime_forecasting.data.vintage vintage_fallback series=CPIAUCSL as_of=1993-03-01 archive_covers_from=1991-07-01 (19 months)
WARNING economic_regime_forecasting.data.vintage vintage_fallback series=CPIAUCSL as_of=1993-04-01 archive_covers_from=1991-08-01 (19 months)
WARNING economic_regime_forecasting.data.vintage vintage_fallback series=CPIAUCSL as_of=1993-05-01 archive_covers_from=1991-09-01 (19 months)
WARNING economic_regime_forecasting.data.vintage vintage_fallback series=CPIAUCSL as_of=1993-06-01 archive_covers_from=1991-10-01 (19 months)
WARNING economic_regime_forecasting.data.vintage vintage_fallback series=CPIAUCSL as_of=1993-07-01 archive_covers_from=1991-11-01 (19 months)
WARNING economic_regime_forecasting.data.vintage vintage_fallback series=CPIAUCSL as_of=1993-08-01 archive_covers_from=1991-12-01 (19 months)
WARNING economic_regime_forecasting.data.vintage vintage_fallback series=CPIAUCSL as_of=1993-09-01 archive_covers_from=1992-01-01 (19 months)
WARNING economic_regime_forecasting.data.vintage vintage_fallback series=CPIAUCSL as_of=1993-10-01 archive_covers_from=1992-02-01 (19 months)
WARNING economic_regime_forecasting.data.vintage vintage_fallback series=CPIAUCSL as_of=1993-11-01 archive_covers_from=1992-03-01 (19 months)
WARNING economic_regime_forecasting.data.vintage vintage_fallback series=CPIAUCSL as_of=1993-12-01 archive_covers_from=1992-04-01 (19 months)
WARNING economic_regime_forecasting.data.vintage vintage_fallback series=CPIAUCSL as_of=1994-01-01 archive_covers_from=1992-05-01 (19 months)
WARNING economic_regime_forecasting.data.vintage vintage_fallback series=CPIAUCSL as_of=1994-02-01 archive_covers_from=1992-06-01 (19 months)


Growth chain: 4 states wins on held-out log likelihood (-0.5179 per month) and the Bayesian information criterion agrees. Inflation-and-rates chain: 4 states wins on held-out log likelihood (-1.4708 per month) and the Bayesian information criterion agrees. Together: 16 joint regimes: 4 growth states times 4 inflation-and-rates states.

 state                                                regime                                   short_regime  growth_standardised  growth_natural  inflation_standardised  inflation_natural  rates_standardised  rates_natural  population_share  expected_duration_months
     0     contracting growth, moderate inflation, low rates     contracting, moderate inflation, low rates            -1.390809       -0.052695               -0.476684           0.015108           -1.075148       0.850052          0.102172                  9.874327
     1 contracting growth, moderate inflation, neutral rates contracting, moderate inflation, neutral rates            -1.390809       -0.036393               -0.395684           0.027001            0.084847       3.723314          0.019762                  8.551428
     2    contracting growth, moderate inflation, high rates    contracting, moderate inflation, high rates            -1.390809       -0.046288               -0.083153           0.039872            1.456679       6.097269          0.018409                  9.336578
     3        contracting growth, high inflation, high rates        contracting, high inflation, high rates            -1.390809       -0.047376                1.484343           0.085701            2.101900       8.463554          0.056967                 10.461288
     4          steady growth, moderate inflation, low rates          steady, moderate inflation, low rates            -0.319474        0.017839               -0.476684           0.022434           -1.075148       1.310230          0.109197                  7.056877
     5      steady growth, moderate inflation, neutral rates      steady, moderate inflation, neutral rates            -0.319474        0.012096               -0.395684           0.026294            0.084847       4.550607          0.104980                  6.382936
     6         steady growth, moderate inflation, high rates         steady, moderate inflation, high rates            -0.319474        0.013419               -0.083153           0.035107            1.456679       5.464143          0.091457                  6.789962
     7             steady growth, high inflation, high rates             steady, high inflation, high rates            -0.319474        0.013515                1.484343           0.081246            2.101900       6.692811          0.056475                  7.337878
     8          steady growth, moderate inflation, low rates          steady, moderate inflation, low rates             0.160430        0.034337               -0.476684           0.025873           -1.075148       1.378665          0.070930                  5.284146
     9      steady growth, moderate inflation, neutral rates      steady, moderate inflation, neutral rates             0.160430        0.045525               -0.395684           0.025446            0.084847       4.893827          0.064831                  4.916939
    10         steady growth, moderate inflation, high rates         steady, moderate inflation, high rates             0.160430        0.056507               -0.083153           0.019826            1.456679       4.005742          0.056012                  5.141196
    11             steady growth, high inflation, high rates             steady, high inflation, high rates             0.160430        0.053178                1.484343           0.063632            2.101900       6.355845          0.056416                  5.431260
    12          strong growth, moderate inflation, low rates          strong, moderate inflation, low rates             0.685644        0.065919               -0.476684           0.014322           -1.075148       0.155538          0.009498                  8.913419
    13      strong growth, moderate inflation, neutral rates      strong, moderate inflation, neutral rates             0.685644        0.073454               -0.395684           0.023255            0.084847       4.768947          0.046515                  7.832885
    14         strong growth, moderate inflation, high rates         strong, moderate inflation, high rates             0.685644        0.104210               -0.083153           0.019095            1.456679       4.243716          0.091392                  8.477994
    15             strong growth, high inflation, high rates             strong, high inflation, high rates             0.685644        0.093949                1.484343           0.061103            2.101900       5.114145          0.044987                  9.382869

Gate 2 — regime model: PASS
  ok    more than one regime beats a single regime out of sample
        held-out log likelihood per month, growth x levels states: 1x1 -4.1834, 1x2 -3.6033, 1x3 -3.2444, 1x4 -2.5149, 2x1 -4.0416, 2x2 -3.4615, 2x3 -3.1026, 2x4 -2.3730, 3x1 -3.6915, 3x2 -3.1115, 3x3 -2.7525, 3x4 -2.0230, 4x1 -3.6572, 4x2 -3.0772, 4x3 -2.7182, 4x4 -1.9887
  ok    the information criterion agrees that regimes exist
        criterion, growth x levels states: 1x1 5,737, 1x2 4,748, 1x3 4,267, 1x4 3,863, 2x1 5,226, 2x2 4,237, 2x3 3,756, 2x4 3,352, 3x1 4,828, 3x2 3,839, 3x3 3,358, 3x4 2,954, 4x1 4,627, 4x2 3,638, 4x3 3,157, 4x4 2,753
  ok    no regime lasts less than three months on average
        shortest expected visit 6.0 months in the growth chain, 21.9 in the inflation-and-rates chain; the shortest joint regime, where both chains stay put, 4.9 months
  ok    no regime holds less than five percent of months
        smallest regime holds 18.7% of months in the growth chain, 19.4% in the inflation-and-rates chain
  ok    the regime path does not flicker month to month
        115 switches of the joint regime over 908 months, 1.52 a year against a ceiling of 2.0

==============================================================================
forecast_now
==============================================================================
horizon_months                                                12     60     120
indicator                                                                      
consumer_price_inflation_above_five_percent_within_horizon  0.050  0.369  0.656
consumer_price_inflation_above_three_percent_at_horizon     0.376  0.418  0.444
economy_in_recession_at_horizon_date                        0.118  0.116  0.120
economy_in_recession_within_horizon                         0.139  0.510  0.752
federal_funds_rate_above_four_percent_at_horizon            0.523  0.481  0.494
federal_funds_rate_below_one_percent_within_horizon         0.057  0.312  0.513
industrial_production_growth_above_two_percent_at_horizon   0.500  0.564  0.569
treasury_yield_curve_inverted_within_horizon                0.214  0.590  0.807
unemployment_rate_above_five_percent_at_horizon             0.530  0.608  0.611
unemployment_rate_above_seven_percent_within_horizon        0.201  0.584  0.799

The second eigenvalue modulus is 0.9802, a half life of 35 months. Regime information survives to 60 months (5 years); beyond that the projection is the unconditional base rate.

Gate 3 — forecasts: PASS
  ok    every indicator has a forecast at every horizon
        30 forecasts against 30 expected
  ok    every probability lies in the unit interval and is finite
        range 0.0502 to 0.8069
  ok    every forecast carries an effective sample size
        smallest effective sample size 61.7 months
  ok    every forecast carries its distance to the stationary distribution
        The second eigenvalue modulus is 0.9802, a half life of 35 months. Regime information survives to 60 months (5 years); beyond that the projection is the unconditional base rate.

==============================================================================
run_backtest
==============================================================================
16 regimes chosen as of 1994-03-01 on 518 months of burn-in (1950-12-01 .. 1994-01-01), runner-up None. Growth chain: 4 states wins on held-out log likelihood (-0.0416 per month) and the Bayesian information criterion agrees. Inflation-and-rates chain: 4 states wins on held-out log likelihood (-1.7326 per month) and the Bayesian information criterion agrees. Together: 16 joint regimes: 4 growth states times 4 inflation-and-rates states.
391 forecast dates from 1994-03 to 2026-09, 33 refits, 16 regimes
0 of 391 forecast dates use the publication-lag fallback
Gate 4 — backtest: PASS
  ok    the results frame carries every column the evaluation needs
        14 columns, 11,730 rows
  ok    each indicator, date and horizon appears exactly once
        0 duplicate rows
  ok    a single configuration produced the whole run
        configuration hash fec79a040f9ca6f9
  ok    enough forecasts have resolved outcomes to score
        9,702 of 11,730 forecasts have resolved

==============================================================================
evaluate
==============================================================================
                                                 indicator  horizon_months  resolved_forecasts  base_rate  brier_score  climatology_brier_score  brier_skill_score  logarithmic_loss  area_under_the_curve  expected_calibration_error  reliability  resolution  mean_distance_to_stationary  mean_effective_sample_size
consumer_price_inflation_above_five_percent_within_horizon              12                 367     0.1226       0.0789                   0.1642             0.5193            0.2851                0.8714                      0.0605       0.0082      0.0361                       0.4613                     47.7815
consumer_price_inflation_above_five_percent_within_horizon              60                 319     0.3542       0.2540                   0.3098             0.1802            0.7129                0.4572                      0.1653       0.0606      0.0359                       0.1459                     47.2294
consumer_price_inflation_above_five_percent_within_horizon             120                 259     0.6680       0.2816                   0.2357            -0.1948            0.8023                0.1212                      0.3538       0.1492      0.0919                       0.0457                     44.3115
   consumer_price_inflation_above_three_percent_at_horizon              12                 376     0.3059       0.2261                   0.2634             0.1414            0.6476                0.4716                      0.1280       0.0206      0.0115                       0.4600                     46.5841
   consumer_price_inflation_above_three_percent_at_horizon              60                 328     0.3232       0.2446                   0.2638             0.0727            0.6830                0.3905                      0.1862       0.0429      0.0194                       0.1473                     46.5313
   consumer_price_inflation_above_three_percent_at_horizon             120                 268     0.3284       0.2462                   0.2887             0.1475            0.6855                0.5499                      0.1615       0.0302      0.0078                       0.0466                     44.5106
                      economy_in_recession_at_horizon_date              12                 378     0.0741       0.0772                   0.1236             0.3753            0.3021                0.2915                      0.0778       0.0080      0.0013                       0.4594                     44.0107
                      economy_in_recession_at_horizon_date              60                 330     0.0848       0.0791                   0.1271             0.3780            0.2976                0.6679                      0.0436       0.0019      0.0000                       0.1476                     45.1419
                      economy_in_recession_at_horizon_date             120                 270     0.0741       0.0724                   0.1280             0.4343            0.2829                0.4736                      0.0602       0.0036      0.0000                       0.0468                     43.3913
                       economy_in_recession_within_horizon              12                 378     0.1614       0.1839                   0.2522             0.2706            0.5839                0.5786                      0.1216       0.0561      0.0090                       0.4594                     44.4723
                       economy_in_recession_within_horizon              60                 330     0.6212       0.3181                   0.3166            -0.0048            0.8971                0.3566                      0.2617       0.1075      0.0259                       0.1476                     44.3950
                       economy_in_recession_within_horizon             120                 270     0.9667       0.0972                   0.0333            -1.9186            0.4056                0.0281                      0.2702       0.0748      0.0104                       0.0468                     41.1715
          federal_funds_rate_above_four_percent_at_horizon              12                 378     0.3571       0.2010                   0.2972             0.3237            0.5885                0.7324                      0.1491       0.0320      0.0615                       0.4594                     44.9256
          federal_funds_rate_above_four_percent_at_horizon              60                 330     0.2636       0.2736                   0.3910             0.3004            0.7408                0.5897                      0.2982       0.0993      0.0129                       0.1476                     44.3599
          federal_funds_rate_above_four_percent_at_horizon             120                 270     0.2222       0.3375                   0.5450             0.3808            0.8727                0.1871                      0.4139       0.1843      0.0267                       0.0468                     42.0069
       federal_funds_rate_below_one_percent_within_horizon              12                 378     0.4365       0.1122                   0.3455             0.6752            0.4102                0.8834                      0.0937       0.0201      0.1549                       0.4594                     46.6272
       federal_funds_rate_below_one_percent_within_horizon              60                 330     0.8273       0.2168                   0.5344             0.5943            0.5850                0.8782                      0.2797       0.1194      0.0444                       0.1476                     45.8768
       federal_funds_rate_below_one_percent_within_horizon             120                 270     1.0000       0.1976                   0.6855             0.7118            0.5372                   NaN                      0.3701       0.1968      0.0000                       0.0468                     42.5011
 industrial_production_growth_above_two_percent_at_horizon              12                 377     0.5146       0.2740                   0.2615            -0.0478            0.7476                0.5243                      0.1882       0.0413      0.0173                       0.4596                     46.6232
 industrial_production_growth_above_two_percent_at_horizon              60                 329     0.4468       0.2811                   0.2798            -0.0048            0.7575                0.5887                      0.1939       0.0446      0.0095                       0.1474                     46.5609
 industrial_production_growth_above_two_percent_at_horizon             120                 269     0.4461       0.2843                   0.2842            -0.0001            0.7640                0.5167                      0.2010       0.0404      0.0000                       0.0467                     44.5350
              treasury_yield_curve_inverted_within_horizon              12                 378     0.2434       0.1550                   0.1887             0.1786            0.5321                0.6608                      0.1056       0.0129      0.0426                       0.4594                     47.8169
              treasury_yield_curve_inverted_within_horizon              60                 330     0.6636       0.3427                   0.2587            -0.3250            0.8985                0.2564                      0.3339       0.1557      0.0416                       0.1476                     47.0530
              treasury_yield_curve_inverted_within_horizon             120                 270     0.9037       0.1750                   0.1192            -0.4685            0.5491                0.2011                      0.2799       0.0911      0.0067                       0.0468                     43.6034
           unemployment_rate_above_five_percent_at_horizon              12                 377     0.4721       0.3252                   0.2881            -0.1286            0.8769                0.4797                      0.2654       0.0730      0.0035                       0.4599                     46.6140
           unemployment_rate_above_five_percent_at_horizon              60                 329     0.4620       0.3044                   0.3018            -0.0088            0.8114                0.5269                      0.2371       0.0605      0.0017                       0.1475                     46.5793
           unemployment_rate_above_five_percent_at_horizon             120                 269     0.4572       0.3064                   0.3359             0.0877            0.8153                0.3737                      0.2313       0.0599      0.0039                       0.0467                     44.5514
      unemployment_rate_above_seven_percent_within_horizon              12                 367     0.2371       0.1100                   0.1951             0.4361            0.3931                0.8057                      0.1169       0.0285      0.0990                       0.4613                     47.7815
      unemployment_rate_above_seven_percent_within_horizon              60                 319     0.5737       0.2804                   0.2833             0.0102            0.7703                0.4053                      0.2467       0.1370      0.1074                       0.1459                     47.2294
      unemployment_rate_above_seven_percent_within_horizon             120                 259     0.7799       0.1908                   0.1959             0.0261            0.5979                0.4199                      0.1267       0.0210      0.0020                       0.0457                     44.3115

1 year: SHIP MODEL. Mean skill score +0.2744, every gate passed.
    ok    regimes exist: best multi-regime held-out log likelihood per month -1.7742 against -3.6661 for a single regime; information criterion 1,891 against 3,310
    ok    skill: mean skill score +0.2744 against a bar of +0.02; +0.2744 [+0.1731, +0.3712] at 90%, blocks of 12 months, about 31.5 independent observations
    ok    calibration: expected calibration error 0.0870 over 3754 forecasts in 10 populated bins, worth about 251 independent observations; the reliability curve is monotone
    ok    robustness: 4 of 4 sub-periods positive; scores +0.055 over 7 indicator(s), +0.101 over 10 indicator(s), +0.401 over 5 indicator(s), +0.186 over 10 indicator(s)
    ok    honesty: mean total variation distance to the stationary distribution 0.4575 against a floor of 0.05

5 year: SHIP BASE RATE. Failed skill, calibration, robustness. Mean skill score +0.1192.
    ok    regimes exist: best multi-regime held-out log likelihood per month -1.7742 against -3.6661 for a single regime; information criterion 1,891 against 3,310
    FAIL  skill: mean skill score +0.1192 against a bar of +0.02; +0.1192 [-0.1150, +0.2509] at 90%, blocks of 60 months, about 5.5 independent observations
    FAIL  calibration: expected calibration error 0.1539 over 3274 forecasts in 9 populated bins, worth about 28 independent observations; the reliability curve is monotone (counting overlapping forecasts as independent would have found 11)
    FAIL  robustness: 2 of 4 sub-periods positive; scores +0.015 over 8 indicator(s), -0.187 over 9 indicator(s), +0.291 over 6 indicator(s), -0.037 over 8 indicator(s)
    ok    honesty: mean total variation distance to the stationary distribution 0.1439 against a floor of 0.05

10 year: SHIP BASE RATE. Failed skill, calibration, honesty. Mean skill score -0.1673.
    ok    regimes exist: best multi-regime held-out log likelihood per month -1.7742 against -3.6661 for a single regime; information criterion 1,891 against 3,310
    FAIL  skill: mean skill score -0.1673 against a bar of +0.02; -0.1673 [-0.2706, +0.0281] at 90%, blocks of 120 months, about 2.2 independent observations
    FAIL  calibration: expected calibration error 0.0937 over 2674 forecasts in 8 populated bins, worth about 20 independent observations; the reliability curve is not monotone (1 reversal(s) beyond noise) (counting overlapping forecasts as independent would have found 7)
    ok    robustness: 3 of 4 sub-periods positive; scores +0.092 over 7 indicator(s), +0.164 over 2 indicator(s), +0.055 over 6 indicator(s), -0.122 over 5 indicator(s)
    FAIL  honesty: mean total variation distance to the stationary distribution 0.0499 against a floor of 0.05

Gate 5 — evaluation: PASS
  ok    every horizon reached a verdict
        verdicts: 1 year SHIP MODEL, 5 year SHIP BASE RATE, 10 year SHIP BASE RATE
  ok    every verdict is one of the two the rule allows
        values seen: ['SHIP BASE RATE', 'SHIP MODEL']
  ok    a horizon that ships the base rate names the gate that failed
        1 year: none; 5 year: skill, calibration, robustness; 10 year: skill, calibration, honesty

run summary written to .cache/models/run_summary.json

==============================================================================
All five gates passed.
