WARNING economic_regime_forecasting.data.vintage vintage_fallback series=CPIAUCSL as_of=1975-01-01 archive_covers_from=1973-05-01 (19 months)
WARNING economic_regime_forecasting.data.vintage vintage_fallback series=CPIAUCSL as_of=1990-01-01 archive_covers_from=1988-05-01 (19 months)
WARNING economic_regime_forecasting.data.vintage vintage_fallback series=CPILFESL as_of=1975-01-01 archive_covers_from=nothing
WARNING economic_regime_forecasting.data.vintage vintage_fallback series=CPILFESL as_of=1990-01-01 archive_covers_from=nothing

==============================================================================
audit_data
==============================================================================
                        series identifier         role frequency                   units                 transform declared_start observed_start observed_end  observations  missing  publication_lag_days  revised  start_matches_registry
         industrial_production     INDPRO       growth   monthly        index 2017 = 100 year_over_year_log_change     1919-01-01     1919-01-01   2026-07-01          1291        0                    47     True                    True
    nonfarm_payroll_employment     PAYEMS       growth   monthly    thousands of persons year_over_year_log_change     1939-01-01     1939-01-01   2026-08-01          1052        0                    36     True                    True
          consumer_price_index   CPIAUCSL    inflation   monthly   index 1982-1984 = 100 year_over_year_log_change     1947-01-01     1947-01-01   2026-07-01           955        1                    44     True                    True
     core_consumer_price_index   CPILFESL    inflation   monthly   index 1982-1984 = 100 year_over_year_log_change     1957-01-01     1957-01-01   2026-07-01           835        1                    44     True                    True
three_month_treasury_bill_rate      TB3MS        rates   monthly        percent per year                     level     1934-01-01     1934-01-01   2026-08-01          1112        0                    32    False                    True
            federal_funds_rate   FEDFUNDS        rates   monthly        percent per year                     level     1954-07-01     1954-07-01   2026-08-01           866        0                    32    False                    True
       ten_year_treasury_yield       GS10        rates   monthly        percent per year                     level     1953-04-01     1953-04-01   2026-08-01           881        0                    32    False                    True
             unemployment_rate     UNRATE       labour   monthly percent of labour force                     level     1948-01-01     1948-01-01   2026-08-01           944        1                    36     True                    True
           recession_indicator      USREC outcome_only   monthly             binary flag                     level     1854-12-01     1854-12-01   2026-08-01          2061        0                   400     True                    True

Gate 1 — data: PASS
  ok    every series in the registry was fetched and audited
        9 of 9 audited
  ok    each series starts where the registry says it does
        every declared start date matches the service
  ok    a second pass over the same series is served entirely from cache
        9 hit(s), 0 miss(es), 0 write(s); hit rate 100%
  ok    every series has at least twenty years of monthly history
        shortest is core_consumer_price_index with 835 observations

==============================================================================
fit_regimes
==============================================================================
quadrant-structure prior (research arm A2) selects a 4-state model for forecasting; the full-sample sweep's own recommendation of 5 states is reported below and not used to choose K
 states  free_parameters  training_log_likelihood  bayesian_information_criterion  held_out_log_likelihood_per_month  smallest_population_share  shortest_expected_duration_months  second_eigenvalue_modulus  persistent_enough  populated_enough  admissible
      1                9             -2788.031533                     5635.351016                          -4.299819                   1.000000                       1.000022e+12                   0.000000               True              True        True
      2               21             -2186.163568                     4510.665686                          -3.677839                   0.443897                       3.994627e+01                   0.957419               True              True        True
      3               35             -1913.319143                     4057.202537                          -3.313756                   0.257853                       4.252570e+01                   0.988219               True              True        True
      4               51             -1654.521534                     3645.008119                          -2.569787                   0.125906                       3.238616e+01                   0.969424               True              True        True
      5               69             -1469.605466                     3393.751883                          -2.482069                   0.119228                       1.913131e+01                   0.983087               True              True        True
      6               89             -1356.294946                     3298.881843                          -5.217560                   0.042699                       1.784133e+01                   0.998305               True             False       False

5 states wins on held-out log likelihood (-2.4821 per month) and the Bayesian information criterion agrees.

 state                                                regime                                   short_regime  growth_standardised  growth_natural  inflation_standardised  inflation_natural  rates_standardised  rates_natural  population_share  expected_duration_months
     0 contracting growth, moderate inflation, neutral rates contracting, moderate inflation, neutral rates            -0.913958       -0.024639               -0.392507           0.023637           -0.262014       3.433227          0.236650                 21.245949
     1             steady growth, high inflation, high rates             steady, high inflation, high rates            -0.443822        0.013831                1.218137           0.064911            2.211557       6.686822          0.222772                 40.051347
     2          steady growth, moderate inflation, low rates          steady, moderate inflation, low rates             0.017235        0.033852               -0.433316           0.024340           -0.619907       2.792081          0.322288                 37.275443
     3         steady growth, moderate inflation, high rates         steady, moderate inflation, high rates             0.483924        0.076682                0.104535           0.030697            1.071623       4.079796          0.218290                 21.927614

Gate 2 — regime model: PASS
  ok    more than one regime beats a single regime out of sample
        held-out log likelihood per month: 1 states -4.2998, 2 states -3.6778, 3 states -3.3138, 4 states -2.5698, 5 states -2.4821, 6 states -5.2176
  ok    the information criterion agrees that regimes exist
        criterion: 1 states 5,635, 2 states 4,511, 3 states 4,057, 4 states 3,645, 5 states 3,394, 6 states 3,299
  ok    no regime lasts less than three months on average
        shortest expected visit is 19.1 months
  ok    no regime holds less than five percent of months
        smallest regime holds 11.9% of months
  ok    the regime path does not flicker month to month
        32 switches over 908 months, 0.42 a year against a ceiling of 2.0

==============================================================================
forecast_now
==============================================================================
horizon_months                                                12     60     120
indicator                                                                      
consumer_price_inflation_above_five_percent_within_horizon  0.040  0.352  0.650
consumer_price_inflation_above_three_percent_at_horizon     0.332  0.415  0.448
economy_in_recession_at_horizon_date                        0.056  0.103  0.117
economy_in_recession_within_horizon                         0.067  0.406  0.698
federal_funds_rate_above_four_percent_at_horizon            0.423  0.489  0.514
federal_funds_rate_below_one_percent_within_horizon         0.070  0.343  0.561
industrial_production_growth_above_two_percent_at_horizon   0.696  0.600  0.584
treasury_yield_curve_inverted_within_horizon                0.096  0.456  0.732
unemployment_rate_above_five_percent_at_horizon             0.601  0.610  0.608
unemployment_rate_above_seven_percent_within_horizon        0.087  0.459  0.738WARNING economic_regime_forecasting.data.vintage vintage_fallback series=CPIAUCSL as_of=1970-12-01 archive_covers_from=nothing
WARNING economic_regime_forecasting.data.vintage vintage_fallback series=INDPRO as_of=1971-12-01 archive_covers_from=1954-01-01 (214 months)
WARNING economic_regime_forecasting.data.vintage vintage_fallback series=CPIAUCSL as_of=1971-12-01 archive_covers_from=nothing
WARNING economic_regime_forecasting.data.vintage vintage_fallback series=INDPRO as_of=1971-12-01 archive_covers_from=1954-01-01 (214 months)
WARNING economic_regime_forecasting.data.vintage vintage_fallback series=CPIAUCSL as_of=1971-12-01 archive_covers_from=nothing
WARNING economic_regime_forecasting.data.vintage vintage_fallback series=INDPRO as_of=1972-01-01 archive_covers_from=1954-01-01 (215 months)
WARNING economic_regime_forecasting.data.vintage vintage_fallback series=CPIAUCSL as_of=1972-01-01 archive_covers_from=nothing
WARNING economic_regime_forecasting.data.vintage vintage_fallback series=INDPRO as_of=1972-02-01 archive_covers_from=1954-01-01 (216 months)
WARNING economic_regime_forecasting.data.vintage vintage_fallback series=CPIAUCSL as_of=1972-02-01 archive_covers_from=nothing
WARNING economic_regime_forecasting.data.vintage vintage_fallback series=INDPRO as_of=1972-03-01 archive_covers_from=1954-01-01 (217 months)
WARNING economic_regime_forecasting.data.vintage vintage_fallback series=CPIAUCSL as_of=1972-03-01 archive_covers_from=nothing
WARNING economic_regime_forecasting.data.vintage vintage_fallback series=INDPRO as_of=1972-04-01 archive_covers_from=1954-01-01 (218 months)
WARNING economic_regime_forecasting.data.vintage vintage_fallback series=CPIAUCSL as_of=1972-04-01 archive_covers_from=nothing
WARNING economic_regime_forecasting.data.vintage vintage_fallback series=INDPRO as_of=1972-05-01 archive_covers_from=1954-01-01 (219 months)
WARNING economic_regime_forecasting.data.vintage vintage_fallback series=CPIAUCSL as_of=1972-05-01 archive_covers_from=nothing
WARNING economic_regime_forecasting.data.vintage vintage_fallback series=INDPRO as_of=1972-06-01 archive_covers_from=1954-01-01 (220 months)
WARNING economic_regime_forecasting.data.vintage vintage_fallback series=CPIAUCSL as_of=1972-06-01 archive_covers_from=nothing
WARNING economic_regime_forecasting.data.vintage vintage_fallback series=INDPRO as_of=1972-07-01 archive_covers_from=1954-01-01 (221 months)
WARNING economic_regime_forecasting.data.vintage vintage_fallback series=CPIAUCSL as_of=1972-07-01 archive_covers_from=nothing
WARNING economic_regime_forecasting.data.vintage vintage_fallback series=INDPRO as_of=1972-08-01 archive_covers_from=1954-01-01 (222 months)
WARNING economic_regime_forecasting.data.vintage vintage_fallback series=CPIAUCSL as_of=1972-08-01 archive_covers_from=1970-12-01 (19 months)
WARNING economic_regime_forecasting.data.vintage vintage_fallback series=INDPRO as_of=1972-09-01 archive_covers_from=1954-01-01 (223 months)
WARNING economic_regime_forecasting.data.vintage vintage_fallback series=CPIAUCSL as_of=1972-09-01 archive_covers_from=1971-01-01 (19 months)
WARNING economic_regime_forecasting.data.vintage vintage_fallback series=INDPRO as_of=1972-10-01 archive_covers_from=1954-01-01 (224 months)
WARNING economic_regime_forecasting.data.vintage vintage_fallback series=CPIAUCSL as_of=1972-10-01 archive_covers_from=1971-02-01 (19 months)
WARNING economic_regime_forecasting.data.vintage vintage_fallback series=INDPRO as_of=1972-11-01 archive_covers_from=1954-01-01 (225 months)
WARNING economic_regime_forecasting.data.vintage vintage_fallback series=CPIAUCSL as_of=1972-11-01 archive_covers_from=1971-03-01 (19 months)
WARNING economic_regime_forecasting.data.vintage vintage_fallback series=CPIAUCSL as_of=1972-12-01 archive_covers_from=1971-04-01 (19 months)
WARNING economic_regime_forecasting.data.vintage vintage_fallback series=CPIAUCSL as_of=1973-01-01 archive_covers_from=1971-05-01 (19 months)
WARNING economic_regime_forecasting.data.vintage vintage_fallback series=CPIAUCSL as_of=1973-02-01 archive_covers_from=1971-06-01 (19 months)
WARNING economic_regime_forecasting.data.vintage vintage_fallback series=CPIAUCSL as_of=1973-03-01 archive_covers_from=1971-07-01 (19 months)
WARNING economic_regime_forecasting.data.vintage vintage_fallback series=CPIAUCSL as_of=1973-04-01 archive_covers_from=1971-08-01 (19 months)
WARNING economic_regime_forecasting.data.vintage vintage_fallback series=CPIAUCSL as_of=1973-05-01 archive_covers_from=1971-09-01 (19 months)
WARNING economic_regime_forecasting.data.vintage vintage_fallback series=CPIAUCSL as_of=1973-06-01 archive_covers_from=1971-10-01 (19 months)
WARNING economic_regime_forecasting.data.vintage vintage_fallback series=CPIAUCSL as_of=1973-07-01 archive_covers_from=1971-11-01 (19 months)
WARNING economic_regime_forecasting.data.vintage vintage_fallback series=CPIAUCSL as_of=1973-08-01 archive_covers_from=1971-12-01 (19 months)
WARNING economic_regime_forecasting.data.vintage vintage_fallback series=CPIAUCSL as_of=1973-09-01 archive_covers_from=1972-01-01 (19 months)
WARNING economic_regime_forecasting.data.vintage vintage_fallback series=CPIAUCSL as_of=1973-10-01 archive_covers_from=1972-02-01 (19 months)
WARNING economic_regime_forecasting.data.vintage vintage_fallback series=CPIAUCSL as_of=1973-11-01 archive_covers_from=1972-03-01 (19 months)
WARNING economic_regime_forecasting.data.vintage vintage_fallback series=CPIAUCSL as_of=1973-12-01 archive_covers_from=1972-04-01 (19 months)
WARNING economic_regime_forecasting.data.vintage vintage_fallback series=CPIAUCSL as_of=1974-01-01 archive_covers_from=1972-05-01 (19 months)
WARNING economic_regime_forecasting.data.vintage vintage_fallback series=CPIAUCSL as_of=1974-02-01 archive_covers_from=1972-06-01 (19 months)
WARNING economic_regime_forecasting.data.vintage vintage_fallback series=CPIAUCSL as_of=1974-03-01 archive_covers_from=1972-07-01 (19 months)
WARNING economic_regime_forecasting.data.vintage vintage_fallback series=CPIAUCSL as_of=1974-04-01 archive_covers_from=1972-08-01 (19 months)
WARNING economic_regime_forecasting.data.vintage vintage_fallback series=CPIAUCSL as_of=1974-05-01 archive_covers_from=1972-09-01 (19 months)
WARNING economic_regime_forecasting.data.vintage vintage_fallback series=CPIAUCSL as_of=1974-06-01 archive_covers_from=1972-10-01 (19 months)
WARNING economic_regime_forecasting.data.vintage vintage_fallback series=CPIAUCSL as_of=1974-07-01 archive_covers_from=1972-11-01 (19 months)
WARNING economic_regime_forecasting.data.vintage vintage_fallback series=CPIAUCSL as_of=1974-08-01 archive_covers_from=1972-12-01 (19 months)
WARNING economic_regime_forecasting.data.vintage vintage_fallback series=CPIAUCSL as_of=1974-09-01 archive_covers_from=1973-01-01 (19 months)
WARNING economic_regime_forecasting.data.vintage vintage_fallback series=CPIAUCSL as_of=1974-10-01 archive_covers_from=1973-02-01 (19 months)
WARNING economic_regime_forecasting.data.vintage vintage_fallback series=CPIAUCSL as_of=1974-11-01 archive_covers_from=1973-03-01 (19 months)
WARNING economic_regime_forecasting.data.vintage vintage_fallback series=CPIAUCSL as_of=1974-12-01 archive_covers_from=1973-04-01 (19 months)
WARNING economic_regime_forecasting.data.vintage vintage_fallback series=CPIAUCSL as_of=1975-01-01 archive_covers_from=1973-05-01 (19 months)
WARNING economic_regime_forecasting.data.vintage vintage_fallback series=CPIAUCSL as_of=1975-02-01 archive_covers_from=1973-06-01 (19 months)
WARNING economic_regime_forecasting.data.vintage vintage_fallback series=CPIAUCSL as_of=1975-03-01 archive_covers_from=1973-07-01 (19 months)
WARNING economic_regime_forecasting.data.vintage vintage_fallback series=CPIAUCSL as_of=1975-04-01 archive_covers_from=1973-08-01 (19 months)
WARNING economic_regime_forecasting.data.vintage vintage_fallback series=CPIAUCSL as_of=1975-05-01 archive_covers_from=1973-09-01 (19 months)
WARNING economic_regime_forecasting.data.vintage vintage_fallback series=CPIAUCSL as_of=1975-06-01 archive_covers_from=1973-10-01 (19 months)
WARNING economic_regime_forecasting.data.vintage vintage_fallback series=CPIAUCSL as_of=1975-07-01 archive_covers_from=1973-11-01 (19 months)
WARNING economic_regime_forecasting.data.vintage vintage_fallback series=CPIAUCSL as_of=1975-08-01 archive_covers_from=1973-12-01 (19 months)
WARNING economic_regime_forecasting.data.vintage vintage_fallback series=CPIAUCSL as_of=1975-09-01 archive_covers_from=1974-01-01 (19 months)
WARNING economic_regime_forecasting.data.vintage vintage_fallback series=CPIAUCSL as_of=1975-10-01 archive_covers_from=1974-02-01 (19 months)
WARNING economic_regime_forecasting.data.vintage vintage_fallback series=CPIAUCSL as_of=1975-11-01 archive_covers_from=1974-03-01 (19 months)
WARNING economic_regime_forecasting.data.vintage vintage_fallback series=CPIAUCSL as_of=1975-12-01 archive_covers_from=1974-04-01 (19 months)
WARNING economic_regime_forecasting.data.vintage vintage_fallback series=CPIAUCSL as_of=1976-01-01 archive_covers_from=1974-05-01 (19 months)
WARNING economic_regime_forecasting.data.vintage vintage_fallback series=CPIAUCSL as_of=1976-02-01 archive_covers_from=1974-06-01 (19 months)
WARNING economic_regime_forecasting.data.vintage vintage_fallback series=CPIAUCSL as_of=1976-03-01 archive_covers_from=1974-07-01 (19 months)
WARNING economic_regime_forecasting.data.vintage vintage_fallback series=CPIAUCSL as_of=1976-04-01 archive_covers_from=1974-08-01 (19 months)
WARNING economic_regime_forecasting.data.vintage vintage_fallback series=CPIAUCSL as_of=1976-05-01 archive_covers_from=1974-09-01 (19 months)
WARNING economic_regime_forecasting.data.vintage vintage_fallback series=CPIAUCSL as_of=1976-06-01 archive_covers_from=1974-10-01 (19 months)
WARNING economic_regime_forecasting.data.vintage vintage_fallback series=CPIAUCSL as_of=1976-07-01 archive_covers_from=1974-11-01 (19 months)
WARNING economic_regime_forecasting.data.vintage vintage_fallback series=CPIAUCSL as_of=1976-08-01 archive_covers_from=1974-12-01 (19 months)
WARNING economic_regime_forecasting.data.vintage vintage_fallback series=CPIAUCSL as_of=1976-09-01 archive_covers_from=1975-01-01 (19 months)
WARNING economic_regime_forecasting.data.vintage vintage_fallback series=CPIAUCSL as_of=1976-10-01 archive_covers_from=1975-02-01 (19 months)
WARNING economic_regime_forecasting.data.vintage vintage_fallback series=CPIAUCSL as_of=1976-11-01 archive_covers_from=1975-03-01 (19 months)
WARNING economic_regime_forecasting.data.vintage vintage_fallback series=CPIAUCSL as_of=1976-12-01 archive_covers_from=1975-04-01 (19 months)
WARNING economic_regime_forecasting.data.vintage vintage_fallback series=CPIAUCSL as_of=1977-01-01 archive_covers_from=1975-05-01 (19 months)
WARNING economic_regime_forecasting.data.vintage vintage_fallback series=CPIAUCSL as_of=1977-02-01 archive_covers_from=1975-06-01 (19 months)
WARNING economic_regime_forecasting.data.vintage vintage_fallback series=CPIAUCSL as_of=1977-03-01 archive_covers_from=1975-07-01 (19 months)
WARNING economic_regime_forecasting.data.vintage vintage_fallback series=CPIAUCSL as_of=1977-04-01 archive_covers_from=1975-08-01 (19 months)
WARNING economic_regime_forecasting.data.vintage vintage_fallback series=CPIAUCSL as_of=1977-05-01 archive_covers_from=1975-09-01 (19 months)
WARNING economic_regime_forecasting.data.vintage vintage_fallback series=CPIAUCSL as_of=1977-06-01 archive_covers_from=1975-10-01 (19 months)
WARNING economic_regime_forecasting.data.vintage vintage_fallback series=CPIAUCSL as_of=1977-07-01 archive_covers_from=1975-11-01 (19 months)
WARNING economic_regime_forecasting.data.vintage vintage_fallback series=CPIAUCSL as_of=1977-08-01 archive_covers_from=1975-12-01 (19 months)
WARNING economic_regime_forecasting.data.vintage vintage_fallback series=CPIAUCSL as_of=1977-09-01 archive_covers_from=1976-01-01 (19 months)
WARNING economic_regime_forecasting.data.vintage vintage_fallback series=CPIAUCSL as_of=1977-10-01 archive_covers_from=1976-02-01 (19 months)
WARNING economic_regime_forecasting.data.vintage vintage_fallback series=CPIAUCSL as_of=1977-11-01 archive_covers_from=1976-03-01 (19 months)
WARNING economic_regime_forecasting.data.vintage vintage_fallback series=CPIAUCSL as_of=1977-12-01 archive_covers_from=1976-04-01 (19 months)
WARNING economic_regime_forecasting.data.vintage vintage_fallback series=CPIAUCSL as_of=1978-01-01 archive_covers_from=1976-05-01 (19 months)
WARNING economic_regime_forecasting.data.vintage vintage_fallback series=CPIAUCSL as_of=1978-02-01 archive_covers_from=1976-06-01 (19 months)
WARNING economic_regime_forecasting.data.vintage vintage_fallback series=CPIAUCSL as_of=1978-03-01 archive_covers_from=1976-07-01 (19 months)
WARNING economic_regime_forecasting.data.vintage vintage_fallback series=CPIAUCSL as_of=1978-04-01 archive_covers_from=1976-08-01 (19 months)
WARNING economic_regime_forecasting.data.vintage vintage_fallback series=CPIAUCSL as_of=1978-05-01 archive_covers_from=1976-09-01 (19 months)
WARNING economic_regime_forecasting.data.vintage vintage_fallback series=CPIAUCSL as_of=1978-06-01 archive_covers_from=1976-10-01 (19 months)
WARNING economic_regime_forecasting.data.vintage vintage_fallback series=CPIAUCSL as_of=1978-07-01 archive_covers_from=1976-11-01 (19 months)
WARNING economic_regime_forecasting.data.vintage vintage_fallback series=CPIAUCSL as_of=1978-08-01 archive_covers_from=1976-12-01 (19 months)
WARNING economic_regime_forecasting.data.vintage vintage_fallback series=CPIAUCSL as_of=1978-09-01 archive_covers_from=1977-01-01 (19 months)
WARNING economic_regime_forecasting.data.vintage vintage_fallback series=CPIAUCSL as_of=1978-10-01 archive_covers_from=1977-02-01 (19 months)
WARNING economic_regime_forecasting.data.vintage vintage_fallback series=CPIAUCSL as_of=1978-11-01 archive_covers_from=1977-03-01 (19 months)
WARNING economic_regime_forecasting.data.vintage vintage_fallback series=CPIAUCSL as_of=1978-12-01 archive_covers_from=1977-04-01 (19 months)
WARNING economic_regime_forecasting.data.vintage vintage_fallback series=CPIAUCSL as_of=1979-01-01 archive_covers_from=1977-05-01 (19 months)
WARNING economic_regime_forecasting.data.vintage vintage_fallback series=CPIAUCSL as_of=1979-02-01 archive_covers_from=1977-06-01 (19 months)
WARNING economic_regime_forecasting.data.vintage vintage_fallback series=CPIAUCSL as_of=1979-03-01 archive_covers_from=1977-07-01 (19 months)
WARNING economic_regime_forecasting.data.vintage vintage_fallback series=CPIAUCSL as_of=1979-04-01 archive_covers_from=1977-08-01 (19 months)
WARNING economic_regime_forecasting.data.vintage vintage_fallback series=CPIAUCSL as_of=1979-05-01 archive_covers_from=1977-09-01 (19 months)
WARNING economic_regime_forecasting.data.vintage vintage_fallback series=CPIAUCSL as_of=1979-06-01 archive_covers_from=1977-10-01 (19 months)
WARNING economic_regime_forecasting.data.vintage vintage_fallback series=CPIAUCSL as_of=1979-07-01 archive_covers_from=1977-11-01 (19 months)
WARNING economic_regime_forecasting.data.vintage vintage_fallback series=CPIAUCSL as_of=1979-08-01 archive_covers_from=1977-12-01 (19 months)
WARNING economic_regime_forecasting.data.vintage vintage_fallback series=CPIAUCSL as_of=1979-09-01 archive_covers_from=1978-01-01 (19 months)
WARNING economic_regime_forecasting.data.vintage vintage_fallback series=CPIAUCSL as_of=1979-10-01 archive_covers_from=1978-02-01 (19 months)
WARNING economic_regime_forecasting.data.vintage vintage_fallback series=CPIAUCSL as_of=1979-11-01 archive_covers_from=1978-03-01 (19 months)
WARNING economic_regime_forecasting.data.vintage vintage_fallback series=CPIAUCSL as_of=1979-12-01 archive_covers_from=1978-04-01 (19 months)
WARNING economic_regime_forecasting.data.vintage vintage_fallback series=CPIAUCSL as_of=1980-01-01 archive_covers_from=1978-05-01 (19 months)
WARNING economic_regime_forecasting.data.vintage vintage_fallback series=CPIAUCSL as_of=1980-02-01 archive_covers_from=1978-06-01 (19 months)
WARNING economic_regime_forecasting.data.vintage vintage_fallback series=CPIAUCSL as_of=1980-03-01 archive_covers_from=1978-07-01 (19 months)
WARNING economic_regime_forecasting.data.vintage vintage_fallback series=CPIAUCSL as_of=1980-04-01 archive_covers_from=1978-08-01 (19 months)
WARNING economic_regime_forecasting.data.vintage vintage_fallback series=CPIAUCSL as_of=1980-05-01 archive_covers_from=1978-09-01 (19 months)
WARNING economic_regime_forecasting.data.vintage vintage_fallback series=CPIAUCSL as_of=1980-06-01 archive_covers_from=1978-10-01 (19 months)
WARNING economic_regime_forecasting.data.vintage vintage_fallback series=CPIAUCSL as_of=1980-07-01 archive_covers_from=1978-11-01 (19 months)
WARNING economic_regime_forecasting.data.vintage vintage_fallback series=CPIAUCSL as_of=1980-08-01 archive_covers_from=1978-12-01 (19 months)
WARNING economic_regime_forecasting.data.vintage vintage_fallback series=CPIAUCSL as_of=1980-09-01 archive_covers_from=1979-01-01 (19 months)
WARNING economic_regime_forecasting.data.vintage vintage_fallback series=CPIAUCSL as_of=1980-10-01 archive_covers_from=1979-02-01 (19 months)
WARNING economic_regime_forecasting.data.vintage vintage_fallback series=CPIAUCSL as_of=1980-11-01 archive_covers_from=1979-03-01 (19 months)
WARNING economic_regime_forecasting.data.vintage vintage_fallback series=CPIAUCSL as_of=1980-12-01 archive_covers_from=1979-04-01 (19 months)
WARNING economic_regime_forecasting.data.vintage vintage_fallback series=CPIAUCSL as_of=1981-01-01 archive_covers_from=1979-05-01 (19 months)
WARNING economic_regime_forecasting.data.vintage vintage_fallback series=CPIAUCSL as_of=1981-02-01 archive_covers_from=1979-06-01 (19 months)
WARNING economic_regime_forecasting.data.vintage vintage_fallback series=CPIAUCSL as_of=1981-03-01 archive_covers_from=1979-07-01 (19 months)
WARNING economic_regime_forecasting.data.vintage vintage_fallback series=CPIAUCSL as_of=1981-04-01 archive_covers_from=1979-08-01 (19 months)
WARNING economic_regime_forecasting.data.vintage vintage_fallback series=CPIAUCSL as_of=1981-05-01 archive_covers_from=1979-09-01 (19 months)
WARNING economic_regime_forecasting.data.vintage vintage_fallback series=CPIAUCSL as_of=1981-06-01 archive_covers_from=1979-10-01 (19 months)
WARNING economic_regime_forecasting.data.vintage vintage_fallback series=CPIAUCSL as_of=1981-07-01 archive_covers_from=1979-11-01 (19 months)
WARNING economic_regime_forecasting.data.vintage vintage_fallback series=CPIAUCSL as_of=1981-08-01 archive_covers_from=1979-12-01 (19 months)
WARNING economic_regime_forecasting.data.vintage vintage_fallback series=CPIAUCSL as_of=1981-09-01 archive_covers_from=1980-01-01 (19 months)
WARNING economic_regime_forecasting.data.vintage vintage_fallback series=CPIAUCSL as_of=1981-10-01 archive_covers_from=1980-02-01 (19 months)
WARNING economic_regime_forecasting.data.vintage vintage_fallback series=CPIAUCSL as_of=1981-11-01 archive_covers_from=1980-03-01 (19 months)
WARNING economic_regime_forecasting.data.vintage vintage_fallback series=CPIAUCSL as_of=1981-12-01 archive_covers_from=1980-04-01 (19 months)
WARNING economic_regime_forecasting.data.vintage vintage_fallback series=CPIAUCSL as_of=1982-01-01 archive_covers_from=1980-05-01 (19 months)
WARNING economic_regime_forecasting.data.vintage vintage_fallback series=CPIAUCSL as_of=1982-02-01 archive_covers_from=1980-06-01 (19 months)
WARNING economic_regime_forecasting.data.vintage vintage_fallback series=CPIAUCSL as_of=1982-03-01 archive_covers_from=1980-07-01 (19 months)
WARNING economic_regime_forecasting.data.vintage vintage_fallback series=CPIAUCSL as_of=1982-04-01 archive_covers_from=1980-08-01 (19 months)
WARNING economic_regime_forecasting.data.vintage vintage_fallback series=CPIAUCSL as_of=1982-05-01 archive_covers_from=1980-09-01 (19 months)
WARNING economic_regime_forecasting.data.vintage vintage_fallback series=CPIAUCSL as_of=1982-06-01 archive_covers_from=1980-10-01 (19 months)
WARNING economic_regime_forecasting.data.vintage vintage_fallback series=CPIAUCSL as_of=1982-07-01 archive_covers_from=1980-11-01 (19 months)
WARNING economic_regime_forecasting.data.vintage vintage_fallback series=CPIAUCSL as_of=1982-08-01 archive_covers_from=1980-12-01 (19 months)
WARNING economic_regime_forecasting.data.vintage vintage_fallback series=CPIAUCSL as_of=1982-09-01 archive_covers_from=1981-01-01 (19 months)
WARNING economic_regime_forecasting.data.vintage vintage_fallback series=CPIAUCSL as_of=1982-10-01 archive_covers_from=1981-02-01 (19 months)
WARNING economic_regime_forecasting.data.vintage vintage_fallback series=CPIAUCSL as_of=1982-11-01 archive_covers_from=1981-03-01 (19 months)
WARNING economic_regime_forecasting.data.vintage vintage_fallback series=CPIAUCSL as_of=1982-12-01 archive_covers_from=1981-04-01 (19 months)
WARNING economic_regime_forecasting.data.vintage vintage_fallback series=CPIAUCSL as_of=1983-01-01 archive_covers_from=1981-05-01 (19 months)
WARNING economic_regime_forecasting.data.vintage vintage_fallback series=CPIAUCSL as_of=1983-02-01 archive_covers_from=1981-06-01 (19 months)
WARNING economic_regime_forecasting.data.vintage vintage_fallback series=CPIAUCSL as_of=1983-03-01 archive_covers_from=1981-07-01 (19 months)
WARNING economic_regime_forecasting.data.vintage vintage_fallback series=CPIAUCSL as_of=1983-04-01 archive_covers_from=1981-08-01 (19 months)
WARNING economic_regime_forecasting.data.vintage vintage_fallback series=CPIAUCSL as_of=1983-05-01 archive_covers_from=1981-09-01 (19 months)
WARNING economic_regime_forecasting.data.vintage vintage_fallback series=CPIAUCSL as_of=1983-06-01 archive_covers_from=1981-10-01 (19 months)
WARNING economic_regime_forecasting.data.vintage vintage_fallback series=CPIAUCSL as_of=1983-07-01 archive_covers_from=1981-11-01 (19 months)
WARNING economic_regime_forecasting.data.vintage vintage_fallback series=CPIAUCSL as_of=1983-08-01 archive_covers_from=1981-12-01 (19 months)
WARNING economic_regime_forecasting.data.vintage vintage_fallback series=CPIAUCSL as_of=1983-09-01 archive_covers_from=1982-01-01 (19 months)
WARNING economic_regime_forecasting.data.vintage vintage_fallback series=CPIAUCSL as_of=1983-10-01 archive_covers_from=1982-02-01 (19 months)
WARNING economic_regime_forecasting.data.vintage vintage_fallback series=CPIAUCSL as_of=1983-11-01 archive_covers_from=1982-03-01 (19 months)
WARNING economic_regime_forecasting.data.vintage vintage_fallback series=CPIAUCSL as_of=1983-12-01 archive_covers_from=1982-04-01 (19 months)
WARNING economic_regime_forecasting.data.vintage vintage_fallback series=CPIAUCSL as_of=1984-01-01 archive_covers_from=1982-05-01 (19 months)
WARNING economic_regime_forecasting.data.vintage vintage_fallback series=CPIAUCSL as_of=1984-02-01 archive_covers_from=1982-06-01 (19 months)
WARNING economic_regime_forecasting.data.vintage vintage_fallback series=CPIAUCSL as_of=1984-03-01 archive_covers_from=1982-07-01 (19 months)
WARNING economic_regime_forecasting.data.vintage vintage_fallback series=CPIAUCSL as_of=1984-04-01 archive_covers_from=1982-08-01 (19 months)
WARNING economic_regime_forecasting.data.vintage vintage_fallback series=CPIAUCSL as_of=1984-05-01 archive_covers_from=1982-09-01 (19 months)
WARNING economic_regime_forecasting.data.vintage vintage_fallback series=CPIAUCSL as_of=1984-06-01 archive_covers_from=1982-10-01 (19 months)
WARNING economic_regime_forecasting.data.vintage vintage_fallback series=CPIAUCSL as_of=1984-07-01 archive_covers_from=1982-11-01 (19 months)
WARNING economic_regime_forecasting.data.vintage vintage_fallback series=CPIAUCSL as_of=1984-08-01 archive_covers_from=1982-12-01 (19 months)
WARNING economic_regime_forecasting.data.vintage vintage_fallback series=CPIAUCSL as_of=1984-09-01 archive_covers_from=1983-01-01 (19 months)
WARNING economic_regime_forecasting.data.vintage vintage_fallback series=CPIAUCSL as_of=1984-10-01 archive_covers_from=1983-02-01 (19 months)
WARNING economic_regime_forecasting.data.vintage vintage_fallback series=CPIAUCSL as_of=1984-11-01 archive_covers_from=1983-03-01 (19 months)
WARNING economic_regime_forecasting.data.vintage vintage_fallback series=CPIAUCSL as_of=1984-12-01 archive_covers_from=1983-04-01 (19 months)
WARNING economic_regime_forecasting.data.vintage vintage_fallback series=CPIAUCSL as_of=1985-01-01 archive_covers_from=1983-05-01 (19 months)
WARNING economic_regime_forecasting.data.vintage vintage_fallback series=CPIAUCSL as_of=1985-02-01 archive_covers_from=1983-06-01 (19 months)
WARNING economic_regime_forecasting.data.vintage vintage_fallback series=CPIAUCSL as_of=1985-03-01 archive_covers_from=1983-07-01 (19 months)
WARNING economic_regime_forecasting.data.vintage vintage_fallback series=CPIAUCSL as_of=1985-04-01 archive_covers_from=1983-08-01 (19 months)
WARNING economic_regime_forecasting.data.vintage vintage_fallback series=CPIAUCSL as_of=1985-05-01 archive_covers_from=1983-09-01 (19 months)
WARNING economic_regime_forecasting.data.vintage vintage_fallback series=CPIAUCSL as_of=1985-06-01 archive_covers_from=1983-10-01 (19 months)
WARNING economic_regime_forecasting.data.vintage vintage_fallback series=CPIAUCSL as_of=1985-07-01 archive_covers_from=1983-11-01 (19 months)
WARNING economic_regime_forecasting.data.vintage vintage_fallback series=CPIAUCSL as_of=1985-08-01 archive_covers_from=1983-12-01 (19 months)
WARNING economic_regime_forecasting.data.vintage vintage_fallback series=CPIAUCSL as_of=1985-09-01 archive_covers_from=1984-01-01 (19 months)
WARNING economic_regime_forecasting.data.vintage vintage_fallback series=CPIAUCSL as_of=1985-10-01 archive_covers_from=1984-02-01 (19 months)
WARNING economic_regime_forecasting.data.vintage vintage_fallback series=CPIAUCSL as_of=1985-11-01 archive_covers_from=1984-03-01 (19 months)
WARNING economic_regime_forecasting.data.vintage vintage_fallback series=CPIAUCSL as_of=1985-12-01 archive_covers_from=1984-04-01 (19 months)
WARNING economic_regime_forecasting.data.vintage vintage_fallback series=CPIAUCSL as_of=1986-01-01 archive_covers_from=1984-05-01 (19 months)
WARNING economic_regime_forecasting.data.vintage vintage_fallback series=CPIAUCSL as_of=1986-02-01 archive_covers_from=1984-06-01 (19 months)
WARNING economic_regime_forecasting.data.vintage vintage_fallback series=CPIAUCSL as_of=1986-03-01 archive_covers_from=1984-07-01 (19 months)
WARNING economic_regime_forecasting.data.vintage vintage_fallback series=CPIAUCSL as_of=1986-04-01 archive_covers_from=1984-08-01 (19 months)
WARNING economic_regime_forecasting.data.vintage vintage_fallback series=CPIAUCSL as_of=1986-05-01 archive_covers_from=1984-09-01 (19 months)
WARNING economic_regime_forecasting.data.vintage vintage_fallback series=CPIAUCSL as_of=1986-06-01 archive_covers_from=1984-10-01 (19 months)
WARNING economic_regime_forecasting.data.vintage vintage_fallback series=CPIAUCSL as_of=1986-07-01 archive_covers_from=1984-11-01 (19 months)
WARNING economic_regime_forecasting.data.vintage vintage_fallback series=CPIAUCSL as_of=1986-08-01 archive_covers_from=1984-12-01 (19 months)
WARNING economic_regime_forecasting.data.vintage vintage_fallback series=CPIAUCSL as_of=1986-09-01 archive_covers_from=1985-01-01 (19 months)
WARNING economic_regime_forecasting.data.vintage vintage_fallback series=CPIAUCSL as_of=1986-10-01 archive_covers_from=1985-02-01 (19 months)
WARNING economic_regime_forecasting.data.vintage vintage_fallback series=CPIAUCSL as_of=1986-11-01 archive_covers_from=1985-03-01 (19 months)
WARNING economic_regime_forecasting.data.vintage vintage_fallback series=CPIAUCSL as_of=1986-12-01 archive_covers_from=1985-04-01 (19 months)
WARNING economic_regime_forecasting.data.vintage vintage_fallback series=CPIAUCSL as_of=1987-01-01 archive_covers_from=1985-05-01 (19 months)
WARNING economic_regime_forecasting.data.vintage vintage_fallback series=CPIAUCSL as_of=1987-02-01 archive_covers_from=1985-06-01 (19 months)
WARNING economic_regime_forecasting.data.vintage vintage_fallback series=CPIAUCSL as_of=1987-03-01 archive_covers_from=1985-07-01 (19 months)
WARNING economic_regime_forecasting.data.vintage vintage_fallback series=CPIAUCSL as_of=1987-04-01 archive_covers_from=1985-08-01 (19 months)
WARNING economic_regime_forecasting.data.vintage vintage_fallback series=CPIAUCSL as_of=1987-05-01 archive_covers_from=1985-09-01 (19 months)
WARNING economic_regime_forecasting.data.vintage vintage_fallback series=CPIAUCSL as_of=1987-06-01 archive_covers_from=1985-10-01 (19 months)
WARNING economic_regime_forecasting.data.vintage vintage_fallback series=CPIAUCSL as_of=1987-07-01 archive_covers_from=1985-11-01 (19 months)
WARNING economic_regime_forecasting.data.vintage vintage_fallback series=CPIAUCSL as_of=1987-08-01 archive_covers_from=1985-12-01 (19 months)
WARNING economic_regime_forecasting.data.vintage vintage_fallback series=CPIAUCSL as_of=1987-09-01 archive_covers_from=1986-01-01 (19 months)
WARNING economic_regime_forecasting.data.vintage vintage_fallback series=CPIAUCSL as_of=1987-10-01 archive_covers_from=1986-02-01 (19 months)
WARNING economic_regime_forecasting.data.vintage vintage_fallback series=CPIAUCSL as_of=1987-11-01 archive_covers_from=1986-03-01 (19 months)
WARNING economic_regime_forecasting.data.vintage vintage_fallback series=CPIAUCSL as_of=1987-12-01 archive_covers_from=1986-04-01 (19 months)
WARNING economic_regime_forecasting.data.vintage vintage_fallback series=CPIAUCSL as_of=1988-01-01 archive_covers_from=1986-05-01 (19 months)
WARNING economic_regime_forecasting.data.vintage vintage_fallback series=CPIAUCSL as_of=1988-02-01 archive_covers_from=1986-06-01 (19 months)
WARNING economic_regime_forecasting.data.vintage vintage_fallback series=CPIAUCSL as_of=1988-03-01 archive_covers_from=1986-07-01 (19 months)
WARNING economic_regime_forecasting.data.vintage vintage_fallback series=CPIAUCSL as_of=1988-04-01 archive_covers_from=1986-08-01 (19 months)
WARNING economic_regime_forecasting.data.vintage vintage_fallback series=CPIAUCSL as_of=1988-05-01 archive_covers_from=1986-09-01 (19 months)
WARNING economic_regime_forecasting.data.vintage vintage_fallback series=CPIAUCSL as_of=1988-06-01 archive_covers_from=1986-10-01 (19 months)
WARNING economic_regime_forecasting.data.vintage vintage_fallback series=CPIAUCSL as_of=1988-07-01 archive_covers_from=1986-11-01 (19 months)
WARNING economic_regime_forecasting.data.vintage vintage_fallback series=CPIAUCSL as_of=1988-08-01 archive_covers_from=1986-12-01 (19 months)
WARNING economic_regime_forecasting.data.vintage vintage_fallback series=CPIAUCSL as_of=1988-09-01 archive_covers_from=1987-01-01 (19 months)
WARNING economic_regime_forecasting.data.vintage vintage_fallback series=CPIAUCSL as_of=1988-10-01 archive_covers_from=1987-02-01 (19 months)
WARNING economic_regime_forecasting.data.vintage vintage_fallback series=CPIAUCSL as_of=1988-11-01 archive_covers_from=1987-03-01 (19 months)
WARNING economic_regime_forecasting.data.vintage vintage_fallback series=CPIAUCSL as_of=1988-12-01 archive_covers_from=1987-04-01 (19 months)
WARNING economic_regime_forecasting.data.vintage vintage_fallback series=CPIAUCSL as_of=1989-01-01 archive_covers_from=1987-05-01 (19 months)
WARNING economic_regime_forecasting.data.vintage vintage_fallback series=CPIAUCSL as_of=1989-02-01 archive_covers_from=1987-06-01 (19 months)
WARNING economic_regime_forecasting.data.vintage vintage_fallback series=CPIAUCSL as_of=1989-03-01 archive_covers_from=1987-07-01 (19 months)
WARNING economic_regime_forecasting.data.vintage vintage_fallback series=CPIAUCSL as_of=1989-04-01 archive_covers_from=1987-08-01 (19 months)
WARNING economic_regime_forecasting.data.vintage vintage_fallback series=CPIAUCSL as_of=1989-05-01 archive_covers_from=1987-09-01 (19 months)
WARNING economic_regime_forecasting.data.vintage vintage_fallback series=CPIAUCSL as_of=1989-06-01 archive_covers_from=1987-10-01 (19 months)
WARNING economic_regime_forecasting.data.vintage vintage_fallback series=CPIAUCSL as_of=1989-07-01 archive_covers_from=1987-11-01 (19 months)
WARNING economic_regime_forecasting.data.vintage vintage_fallback series=CPIAUCSL as_of=1989-08-01 archive_covers_from=1987-12-01 (19 months)
WARNING economic_regime_forecasting.data.vintage vintage_fallback series=CPIAUCSL as_of=1989-09-01 archive_covers_from=1988-01-01 (19 months)
WARNING economic_regime_forecasting.data.vintage vintage_fallback series=CPIAUCSL as_of=1989-10-01 archive_covers_from=1988-02-01 (19 months)
WARNING economic_regime_forecasting.data.vintage vintage_fallback series=CPIAUCSL as_of=1989-11-01 archive_covers_from=1988-03-01 (19 months)
WARNING economic_regime_forecasting.data.vintage vintage_fallback series=CPIAUCSL as_of=1989-12-01 archive_covers_from=1988-04-01 (19 months)
WARNING economic_regime_forecasting.data.vintage vintage_fallback series=CPIAUCSL as_of=1990-01-01 archive_covers_from=1988-05-01 (19 months)
WARNING economic_regime_forecasting.data.vintage vintage_fallback series=CPIAUCSL as_of=1990-02-01 archive_covers_from=1988-06-01 (19 months)
WARNING economic_regime_forecasting.data.vintage vintage_fallback series=CPIAUCSL as_of=1990-03-01 archive_covers_from=1988-10-01 (16 months)
WARNING economic_regime_forecasting.data.vintage vintage_fallback series=CPIAUCSL as_of=1990-04-01 archive_covers_from=1988-10-01 (17 months)
WARNING economic_regime_forecasting.data.vintage vintage_fallback series=CPIAUCSL as_of=1990-05-01 archive_covers_from=1988-10-01 (18 months)
WARNING economic_regime_forecasting.data.vintage vintage_fallback series=CPIAUCSL as_of=1990-06-01 archive_covers_from=1988-10-01 (19 months)
WARNING economic_regime_forecasting.data.vintage vintage_fallback series=CPIAUCSL as_of=1990-07-01 archive_covers_from=1988-11-01 (19 months)
WARNING economic_regime_forecasting.data.vintage vintage_fallback series=CPIAUCSL as_of=1990-08-01 archive_covers_from=1988-12-01 (19 months)
WARNING economic_regime_forecasting.data.vintage vintage_fallback series=CPIAUCSL as_of=1990-09-01 archive_covers_from=1989-01-01 (19 months)
WARNING economic_regime_forecasting.data.vintage vintage_fallback series=CPIAUCSL as_of=1990-10-01 archive_covers_from=1989-02-01 (19 months)
WARNING economic_regime_forecasting.data.vintage vintage_fallback series=CPIAUCSL as_of=1990-11-01 archive_covers_from=1989-03-01 (19 months)
WARNING economic_regime_forecasting.data.vintage vintage_fallback series=CPIAUCSL as_of=1990-12-01 archive_covers_from=1989-04-01 (19 months)
WARNING economic_regime_forecasting.data.vintage vintage_fallback series=CPIAUCSL as_of=1991-01-01 archive_covers_from=1989-05-01 (19 months)
WARNING economic_regime_forecasting.data.vintage vintage_fallback series=CPIAUCSL as_of=1991-02-01 archive_covers_from=1989-06-01 (19 months)
WARNING economic_regime_forecasting.data.vintage vintage_fallback series=CPIAUCSL as_of=1991-03-01 archive_covers_from=1989-07-01 (19 months)
WARNING economic_regime_forecasting.data.vintage vintage_fallback series=CPIAUCSL as_of=1991-04-01 archive_covers_from=1989-08-01 (19 months)
WARNING economic_regime_forecasting.data.vintage vintage_fallback series=CPIAUCSL as_of=1991-05-01 archive_covers_from=1989-09-01 (19 months)
WARNING economic_regime_forecasting.data.vintage vintage_fallback series=CPIAUCSL as_of=1991-06-01 archive_covers_from=1989-10-01 (19 months)
WARNING economic_regime_forecasting.data.vintage vintage_fallback series=CPIAUCSL as_of=1991-07-01 archive_covers_from=1989-11-01 (19 months)
WARNING economic_regime_forecasting.data.vintage vintage_fallback series=CPIAUCSL as_of=1991-08-01 archive_covers_from=1989-12-01 (19 months)
WARNING economic_regime_forecasting.data.vintage vintage_fallback series=CPIAUCSL as_of=1991-09-01 archive_covers_from=1990-01-01 (19 months)
WARNING economic_regime_forecasting.data.vintage vintage_fallback series=CPIAUCSL as_of=1991-10-01 archive_covers_from=1990-02-01 (19 months)
WARNING economic_regime_forecasting.data.vintage vintage_fallback series=CPIAUCSL as_of=1991-11-01 archive_covers_from=1990-03-01 (19 months)
WARNING economic_regime_forecasting.data.vintage vintage_fallback series=CPIAUCSL as_of=1991-12-01 archive_covers_from=1990-04-01 (19 months)
WARNING economic_regime_forecasting.data.vintage vintage_fallback series=CPIAUCSL as_of=1992-01-01 archive_covers_from=1990-05-01 (19 months)
WARNING economic_regime_forecasting.data.vintage vintage_fallback series=CPIAUCSL as_of=1992-02-01 archive_covers_from=1990-06-01 (19 months)
WARNING economic_regime_forecasting.data.vintage vintage_fallback series=CPIAUCSL as_of=1992-03-01 archive_covers_from=1990-07-01 (19 months)
WARNING economic_regime_forecasting.data.vintage vintage_fallback series=CPIAUCSL as_of=1992-04-01 archive_covers_from=1990-08-01 (19 months)
WARNING economic_regime_forecasting.data.vintage vintage_fallback series=CPIAUCSL as_of=1992-05-01 archive_covers_from=1990-09-01 (19 months)
WARNING economic_regime_forecasting.data.vintage vintage_fallback series=CPIAUCSL as_of=1992-06-01 archive_covers_from=1990-10-01 (19 months)
WARNING economic_regime_forecasting.data.vintage vintage_fallback series=CPIAUCSL as_of=1992-07-01 archive_covers_from=1990-11-01 (19 months)
WARNING economic_regime_forecasting.data.vintage vintage_fallback series=CPIAUCSL as_of=1992-08-01 archive_covers_from=1990-12-01 (19 months)
WARNING economic_regime_forecasting.data.vintage vintage_fallback series=CPIAUCSL as_of=1992-09-01 archive_covers_from=1991-01-01 (19 months)
WARNING economic_regime_forecasting.data.vintage vintage_fallback series=CPIAUCSL as_of=1992-10-01 archive_covers_from=1991-02-01 (19 months)
WARNING economic_regime_forecasting.data.vintage vintage_fallback series=CPIAUCSL as_of=1992-11-01 archive_covers_from=1991-03-01 (19 months)
WARNING economic_regime_forecasting.data.vintage vintage_fallback series=CPIAUCSL as_of=1992-12-01 archive_covers_from=1991-04-01 (19 months)
WARNING economic_regime_forecasting.data.vintage vintage_fallback series=CPIAUCSL as_of=1993-01-01 archive_covers_from=1991-05-01 (19 months)
WARNING economic_regime_forecasting.data.vintage vintage_fallback series=CPIAUCSL as_of=1993-02-01 archive_covers_from=1991-06-01 (19 months)
WARNING economic_regime_forecasting.data.vintage vintage_fallback series=CPIAUCSL as_of=1993-03-01 archive_covers_from=1991-07-01 (19 months)
WARNING economic_regime_forecasting.data.vintage vintage_fallback series=CPIAUCSL as_of=1993-04-01 archive_covers_from=1991-08-01 (19 months)
WARNING economic_regime_forecasting.data.vintage vintage_fallback series=CPIAUCSL as_of=1993-05-01 archive_covers_from=1991-09-01 (19 months)
WARNING economic_regime_forecasting.data.vintage vintage_fallback series=CPIAUCSL as_of=1993-06-01 archive_covers_from=1991-10-01 (19 months)
WARNING economic_regime_forecasting.data.vintage vintage_fallback series=CPIAUCSL as_of=1993-07-01 archive_covers_from=1991-11-01 (19 months)
WARNING economic_regime_forecasting.data.vintage vintage_fallback series=CPIAUCSL as_of=1993-08-01 archive_covers_from=1991-12-01 (19 months)
WARNING economic_regime_forecasting.data.vintage vintage_fallback series=CPIAUCSL as_of=1993-09-01 archive_covers_from=1992-01-01 (19 months)
WARNING economic_regime_forecasting.data.vintage vintage_fallback series=CPIAUCSL as_of=1993-10-01 archive_covers_from=1992-02-01 (19 months)
WARNING economic_regime_forecasting.data.vintage vintage_fallback series=CPIAUCSL as_of=1993-11-01 archive_covers_from=1992-03-01 (19 months)
WARNING economic_regime_forecasting.data.vintage vintage_fallback series=CPIAUCSL as_of=1993-12-01 archive_covers_from=1992-04-01 (19 months)
WARNING economic_regime_forecasting.data.vintage vintage_fallback series=CPIAUCSL as_of=1994-01-01 archive_covers_from=1992-05-01 (19 months)
WARNING economic_regime_forecasting.data.vintage vintage_fallback series=CPIAUCSL as_of=1994-02-01 archive_covers_from=1992-06-01 (19 months)


The second eigenvalue modulus is 0.9796, a half life of 34 months. Regime information survives to 60 months (5 years); beyond that the projection is the unconditional base rate.

Gate 3 — forecasts: PASS
  ok    every indicator has a forecast at every horizon
        30 forecasts against 30 expected
  ok    every probability lies in the unit interval and is finite
        range 0.0397 to 0.7384
  ok    every forecast carries an effective sample size
        smallest effective sample size 230.9 months
  ok    every forecast carries its distance to the stationary distribution
        The second eigenvalue modulus is 0.9796, a half life of 34 months. Regime information survives to 60 months (5 years); beyond that the projection is the unconditional base rate.

==============================================================================
run_backtest
==============================================================================
6 regimes chosen as of 1994-03-01 on 518 months of burn-in (1950-12-01 .. 1994-01-01), runner-up 2. 6 states wins on held-out log likelihood (-3.0801 per month) and the Bayesian information criterion agrees.
quadrant-structure prior (research arm A2) fixes the forecasting state count at 4; the burn-in sweep's own recommendation of 6 regimes is reported above and not used to choose K
391 forecast dates from 1994-03 to 2026-09, 33 refits, 4 regimes
0 of 391 forecast dates use the publication-lag fallback
Gate 4 — backtest: PASS
  ok    the results frame carries every column the evaluation needs
        14 columns, 11,730 rows
  ok    each indicator, date and horizon appears exactly once
        0 duplicate rows
  ok    a single configuration produced the whole run
        configuration hash 9632ee1193541d34
  ok    enough forecasts have resolved outcomes to score
        9,702 of 11,730 forecasts have resolved

==============================================================================
evaluate
==============================================================================
                                                 indicator  horizon_months  resolved_forecasts  base_rate  brier_score  climatology_brier_score  brier_skill_score  logarithmic_loss  area_under_the_curve  expected_calibration_error  reliability  resolution  mean_distance_to_stationary  mean_effective_sample_size
consumer_price_inflation_above_five_percent_within_horizon              12                 367     0.1226       0.0824                   0.1642             0.4980            0.3112                0.7774                      0.0360       0.0049      0.0306                       0.3548                    213.5662
consumer_price_inflation_above_five_percent_within_horizon              60                 319     0.3542       0.3013                   0.3098             0.0274            0.8076                0.2947                      0.3185       0.1185      0.0442                       0.0728                    203.7079
consumer_price_inflation_above_five_percent_within_horizon             120                 259     0.6680       0.2838                   0.2357            -0.2043            0.8228                0.1807                      0.2823       0.1070      0.0528                       0.0134                    191.2315
   consumer_price_inflation_above_three_percent_at_horizon              12                 376     0.3059       0.2176                   0.2634             0.1740            0.6289                0.6087                      0.1484       0.0359      0.0299                       0.3542                    211.0757
   consumer_price_inflation_above_three_percent_at_horizon              60                 328     0.3232       0.2494                   0.2638             0.0545            0.6920                0.4390                      0.1624       0.0268      0.0016                       0.0727                    191.8487
   consumer_price_inflation_above_three_percent_at_horizon             120                 268     0.3284       0.2576                   0.2887             0.1078            0.7084                0.4825                      0.2466       0.0693      0.0249                       0.0137                    177.9501
                      economy_in_recession_at_horizon_date              12                 378     0.0741       0.0740                   0.1236             0.4014            0.2925                0.3365                      0.0760       0.0078      0.0028                       0.3541                    204.1553
                      economy_in_recession_at_horizon_date              60                 330     0.0848       0.0786                   0.1271             0.3820            0.2952                0.5883                      0.0366       0.0015      0.0003                       0.0727                    186.9840
                      economy_in_recession_at_horizon_date             120                 270     0.0741       0.0716                   0.1280             0.4408            0.2793                0.7852                      0.0632       0.0040      0.0000                       0.0138                    173.7081
                       economy_in_recession_within_horizon              12                 378     0.1614       0.1926                   0.2522             0.2363            0.6318                0.4204                      0.2072       0.0754      0.0155                       0.3541                    205.9930
                       economy_in_recession_within_horizon              60                 330     0.6212       0.3247                   0.3166            -0.0255            0.9236                0.3105                      0.2794       0.1410      0.0519                       0.0727                    197.1450
                       economy_in_recession_within_horizon             120                 270     0.9667       0.0878                   0.0333            -1.6384            0.3800                0.0230                      0.2464       0.0657      0.0104                       0.0138                    185.8462
          federal_funds_rate_above_four_percent_at_horizon              12                 378     0.3571       0.2711                   0.2972             0.0879            0.7441                0.5503                      0.2261       0.0694      0.0286                       0.3541                    203.2545
          federal_funds_rate_above_four_percent_at_horizon              60                 330     0.2636       0.3151                   0.3910             0.1940            0.8268                0.4653                      0.3695       0.1383      0.0186                       0.0727                    182.8410
          federal_funds_rate_above_four_percent_at_horizon             120                 270     0.2222       0.3581                   0.5450             0.3428            0.9183                0.2516                      0.4440       0.2304      0.0454                       0.0138                    168.0886
       federal_funds_rate_below_one_percent_within_horizon              12                 378     0.4365       0.1260                   0.3455             0.6354            0.4898                0.8251                      0.1186       0.0203      0.1412                       0.3541                    206.1784
       federal_funds_rate_below_one_percent_within_horizon              60                 330     0.8273       0.2625                   0.5344             0.5087            0.7041                0.8664                      0.3340       0.1623      0.0432                       0.0727                    196.2060
       federal_funds_rate_below_one_percent_within_horizon             120                 270     1.0000       0.2437                   0.6855             0.6445            0.6395                   NaN                      0.4169       0.2433      0.0000                       0.0138                    184.0064
 industrial_production_growth_above_two_percent_at_horizon              12                 377     0.5146       0.2886                   0.2615            -0.1034            0.7927                0.5603                      0.2016       0.0526      0.0178                       0.3542                    211.1048
 industrial_production_growth_above_two_percent_at_horizon              60                 329     0.4468       0.2981                   0.2798            -0.0654            0.7953                0.5185                      0.2287       0.0533      0.0022                       0.0726                    192.0018
 industrial_production_growth_above_two_percent_at_horizon             120                 269     0.4461       0.2961                   0.2842            -0.0418            0.7902                0.3820                      0.2117       0.0448      0.0000                       0.0137                    178.1274
              treasury_yield_curve_inverted_within_horizon              12                 378     0.2434       0.1595                   0.1887             0.1545            0.5537                0.5970                      0.1050       0.0157      0.0422                       0.3541                    210.5522
              treasury_yield_curve_inverted_within_horizon              60                 330     0.6636       0.3131                   0.2587            -0.2104            0.8339                0.2889                      0.3101       0.1253      0.0353                       0.0727                    200.3172
              treasury_yield_curve_inverted_within_horizon             120                 270     0.9037       0.1601                   0.1192            -0.3437            0.5249                0.1318                      0.2836       0.0894      0.0197                       0.0138                    188.3676
           unemployment_rate_above_five_percent_at_horizon              12                 377     0.4721       0.3058                   0.2881            -0.0613            0.8176                0.3756                      0.2180       0.0615      0.0109                       0.3541                    211.1363
           unemployment_rate_above_five_percent_at_horizon              60                 329     0.4620       0.2932                   0.3018             0.0285            0.7846                0.6098                      0.2189       0.0560      0.0109                       0.0728                    191.9415
           unemployment_rate_above_five_percent_at_horizon             120                 269     0.4572       0.2988                   0.3359             0.1105            0.7976                0.4971                      0.2237       0.0509      0.0002                       0.0137                    178.1251
      unemployment_rate_above_seven_percent_within_horizon              12                 367     0.2371       0.0953                   0.1951             0.5114            0.3547                0.7408                      0.1117       0.0146      0.1025                       0.3548                    213.5662
      unemployment_rate_above_seven_percent_within_horizon              60                 319     0.5737       0.2592                   0.2833             0.0851            0.7051                0.4246                      0.2905       0.1063      0.0969                       0.0728                    203.7079
      unemployment_rate_above_seven_percent_within_horizon             120                 259     0.7799       0.1894                   0.1959             0.0334            0.5770                0.3856                      0.2066       0.0527      0.0394                       0.0134                    191.2315

1 year: SHIP BASE RATE. Failed calibration. Mean skill score +0.2534.
    ok    regimes exist: best multi-regime held-out log likelihood per month -3.0801 against -3.5864 for a single regime; information criterion 2,118 against 3,218
    ok    skill: mean skill score +0.2534 against a bar of +0.02; +0.2534 [+0.1386, +0.3581] at 90%, blocks of 12 months, about 31.5 independent observations
    FAIL  calibration: expected calibration error 0.1271 over 3754 forecasts in 10 populated bins, worth about 228 independent observations; the reliability curve is monotone (counting overlapping forecasts as independent would have found 1)
    ok    robustness: 4 of 4 sub-periods positive; scores +0.069 over 7 indicator(s), +0.015 over 10 indicator(s), +0.402 over 5 indicator(s), +0.183 over 10 indicator(s)
    ok    honesty: mean total variation distance to the stationary distribution 0.3541 against a floor of 0.05

5 year: SHIP BASE RATE. Failed skill, calibration, robustness. Mean skill score +0.0979.
    ok    regimes exist: best multi-regime held-out log likelihood per month -3.0801 against -3.5864 for a single regime; information criterion 2,118 against 3,218
    FAIL  skill: mean skill score +0.0979 against a bar of +0.02; +0.0979 [-0.1298, +0.2272] at 90%, blocks of 60 months, about 5.5 independent observations
    FAIL  calibration: expected calibration error 0.2101 over 3274 forecasts in 10 populated bins, worth about 29 independent observations; the reliability curve is monotone (counting overlapping forecasts as independent would have found 11)
    FAIL  robustness: 2 of 4 sub-periods positive; scores +0.078 over 8 indicator(s), -0.244 over 9 indicator(s), +0.251 over 6 indicator(s), -0.155 over 8 indicator(s)
    ok    honesty: mean total variation distance to the stationary distribution 0.0804 against a floor of 0.05

10 year: SHIP BASE RATE. Failed skill, calibration, robustness, honesty. Mean skill score -0.1325.
    ok    regimes exist: best multi-regime held-out log likelihood per month -3.0801 against -3.5864 for a single regime; information criterion 2,118 against 3,218
    FAIL  skill: mean skill score -0.1325 against a bar of +0.02; -0.1325 [-0.2181, -0.0141] at 90%, blocks of 120 months, about 2.2 independent observations
    FAIL  calibration: expected calibration error 0.1279 over 2674 forecasts in 9 populated bins, worth about 23 independent observations; the reliability curve is not monotone (2 reversal(s) beyond noise) (counting overlapping forecasts as independent would have found 15)
    FAIL  robustness: 2 of 4 sub-periods positive; scores +0.075 over 7 indicator(s), +0.098 over 2 indicator(s), -0.029 over 6 indicator(s), -0.096 over 5 indicator(s)
    FAIL  honesty: mean total variation distance to the stationary distribution 0.0187 against a floor of 0.05

Gate 5 — evaluation: PASS
  ok    every horizon reached a verdict
        verdicts: 1 year SHIP BASE RATE, 5 year SHIP BASE RATE, 10 year SHIP BASE RATE
  ok    every verdict is one of the two the rule allows
        values seen: ['SHIP BASE RATE']
  ok    a horizon that ships the base rate names the gate that failed
        1 year: calibration; 5 year: skill, calibration, robustness; 10 year: skill, calibration, robustness, honesty

run summary written to .cache/models/run_summary.json

==============================================================================
All five gates passed.
